Component: ARM Compiler 5.06 update 6 (build 750) Tool: armlink [4d35ed]

==============================================================================

Section Cross References

    main.o(i.main) refers to _printf_percent.o(.ARM.Collect$$_printf_percent$$00000000) for _printf_percent
    main.o(i.main) refers to _printf_f.o(.ARM.Collect$$_printf_percent$$00000003) for _printf_f
    main.o(i.main) refers to printf1.o(x$fpl$printf1) for _printf_fp_dec
    main.o(i.main) refers to _printf_d.o(.ARM.Collect$$_printf_percent$$00000009) for _printf_d
    main.o(i.main) refers to _printf_dec.o(.text) for _printf_int_dec
    main.o(i.main) refers to stm32f4xx_hal.o(i.HAL_Init) for HAL_Init
    main.o(i.main) refers to stm32f429_winner.o(i.SystemClock_Config) for SystemClock_Config
    main.o(i.main) refers to led.o(i.LED_Init) for LED_Init
    main.o(i.main) refers to sdram.o(i.SDRAM_Init) for SDRAM_Init
    main.o(i.main) refers to lcd.o(i.LCD_Init) for LCD_Init
    main.o(i.main) refers to adc.o(i.MY_ADC_Init) for MY_ADC_Init
    main.o(i.main) refers to adc.o(i.MY_ADC2_Init) for MY_ADC2_Init
    main.o(i.main) refers to dma.o(i.MYDMA_Config) for MYDMA_Config
    main.o(i.main) refers to usart.o(i.uart_init) for uart_init
    main.o(i.main) refers to spi_communication.o(i.SPI_Communication_Init) for SPI_Communication_Init
    main.o(i.main) refers to dma.o(i.MYDMA_ADC_Transmit) for MYDMA_ADC_Transmit
    main.o(i.main) refers to lcd.o(i.LCD_ShowString) for LCD_ShowString
    main.o(i.main) refers to lcd.o(i.LCD_DrawLine) for LCD_DrawLine
    main.o(i.main) refers to adc.o(i.Get_Adc_Average2) for Get_Adc_Average2
    main.o(i.main) refers to f2d.o(x$fpl$f2d) for __aeabi_f2d
    main.o(i.main) refers to dmul.o(x$fpl$dmul) for __aeabi_dmul
    main.o(i.main) refers to d2f.o(x$fpl$d2f) for __aeabi_d2f
    main.o(i.main) refers to delay.o(i.delay_ms) for delay_ms
    main.o(i.main) refers to adc.o(i.Get_Adc_Average1) for Get_Adc_Average1
    main.o(i.main) refers to dflt_clz.o(x$fpl$dfltu) for __aeabi_ui2d
    main.o(i.main) refers to key.o(i.KEY_Scan) for KEY_Scan
    main.o(i.main) refers to dleqf.o(x$fpl$dleqf) for __aeabi_cdcmple
    main.o(i.main) refers to drleqf.o(x$fpl$drleqf) for __aeabi_cdrcmple
    main.o(i.main) refers to lcd.o(i.LCD_Fill) for LCD_Fill
    main.o(i.main) refers to adc.o(.data) for ADC_DMA_ConvertedValue
    main.o(i.main) refers to adc.o(.bss) for ADC_Handler
    main.o(i.main) refers to lcd.o(.data) for POINT_COLOR
    main.o(i.main) refers to main.o(.data) for key
    main.o(i.main) refers to lcd.o(.bss) for lcddev
    main.o(i.main) refers to spi_communication.o(i.SPI_Communication_Send_Cmd_Data) for SPI_Communication_Send_Cmd_Data
    main.o(i.main) refers to spi_communication.o(i.SPI_Communication_Rece_Cmd_Data) for SPI_Communication_Rece_Cmd_Data
    main.o(i.main) refers to ddiv.o(x$fpl$ddiv) for __aeabi_ddiv
    main.o(i.main) refers to daddsub_clz.o(x$fpl$dsub) for __aeabi_dsub
    main.o(i.main) refers to noretval__2sprintf.o(.text) for __2sprintf
    main.o(i.main) refers to noretval__2printf.o(.text) for __2printf
    main.o(i.main) refers to main.o(.bss) for buf
    main.o(i.main) refers to sqrt.o(i.__hardfp_sqrt) for __hardfp_sqrt
    main.o(i.main) refers to dflt_clz.o(x$fpl$dflt) for __aeabi_i2d
    stm32f4xx_it.o(i.SysTick_Handler) refers to stm32f4xx_hal.o(i.HAL_IncTick) for HAL_IncTick
    system_stm32f4xx.o(i.SystemCoreClockUpdate) refers to system_stm32f4xx.o(.data) for SystemCoreClock
    stm32f429_winner.o(i.SystemClock_Config) refers to stm32f4xx_hal_rcc.o(i.HAL_RCC_OscConfig) for HAL_RCC_OscConfig
    stm32f429_winner.o(i.SystemClock_Config) refers to stm32f4xx_hal_pwr_ex.o(i.HAL_PWREx_EnableOverDrive) for HAL_PWREx_EnableOverDrive
    stm32f429_winner.o(i.SystemClock_Config) refers to stm32f4xx_hal_rcc.o(i.HAL_RCC_ClockConfig) for HAL_RCC_ClockConfig
    adc.o(i.Get_Adc) refers to stm32f4xx_hal_adc.o(i.HAL_ADC_ConfigChannel) for HAL_ADC_ConfigChannel
    adc.o(i.Get_Adc) refers to stm32f4xx_hal_adc.o(i.HAL_ADC_Start) for HAL_ADC_Start
    adc.o(i.Get_Adc) refers to stm32f4xx_hal_adc.o(i.HAL_ADC_PollForConversion) for HAL_ADC_PollForConversion
    adc.o(i.Get_Adc) refers to stm32f4xx_hal_adc.o(i.HAL_ADC_GetValue) for HAL_ADC_GetValue
    adc.o(i.Get_Adc) refers to adc.o(.bss) for ADC_Handler
    adc.o(i.Get_Adc1) refers to stm32f4xx_hal_adc.o(i.HAL_ADC_ConfigChannel) for HAL_ADC_ConfigChannel
    adc.o(i.Get_Adc1) refers to stm32f4xx_hal_adc.o(i.HAL_ADC_Start) for HAL_ADC_Start
    adc.o(i.Get_Adc1) refers to stm32f4xx_hal_adc.o(i.HAL_ADC_PollForConversion) for HAL_ADC_PollForConversion
    adc.o(i.Get_Adc1) refers to stm32f4xx_hal_adc.o(i.HAL_ADC_GetValue) for HAL_ADC_GetValue
    adc.o(i.Get_Adc1) refers to adc.o(.bss) for ADC_Handler1
    adc.o(i.Get_Adc_Average) refers to stm32f4xx_hal_adc.o(i.HAL_ADC_Start) for HAL_ADC_Start
    adc.o(i.Get_Adc_Average) refers to delay.o(i.delay_ms) for delay_ms
[...]
    x$fpl$printf1                            0x0800a53e   Section        4  printf1.o(x$fpl$printf1)
    $v0                                      0x0800a53e   Number         0  printf1.o(x$fpl$printf1)
    .constdata                               0x0800a542   Section    18240  lcd.o(.constdata)
    x$fpl$usenofp                            0x0800a542   Section        0  usenofp.o(x$fpl$usenofp)
    .constdata                               0x0800ec82   Section        6  led.o(.constdata)
    .constdata                               0x0800ec88   Section       16  stm32f4xx_hal_rcc.o(.constdata)
    .constdata                               0x0800ec98   Section        8  stm32f4xx_hal_dma.o(.constdata)
    flagBitshiftOffset                       0x0800ec98   Data           8  stm32f4xx_hal_dma.o(.constdata)
    .constdata                               0x0800eca0   Section      148  bigflt0.o(.constdata)
    tenpwrs_x                                0x0800eca0   Data          60  bigflt0.o(.constdata)
    tenpwrs_i                                0x0800ecdc   Data          64  bigflt0.o(.constdata)
    locale$$data                             0x0800ed54   Section       28  lc_numeric_c.o(locale$$data)
    __lcnum_c_name                           0x0800ed58   Data           2  lc_numeric_c.o(locale$$data)
    __lcnum_c_start                          0x0800ed60   Data           0  lc_numeric_c.o(locale$$data)
    __lcnum_c_point                          0x0800ed6c   Data           0  lc_numeric_c.o(locale$$data)
    __lcnum_c_thousands                      0x0800ed6e   Data           0  lc_numeric_c.o(locale$$data)
    __lcnum_c_grouping                       0x0800ed6f   Data           0  lc_numeric_c.o(locale$$data)
    __lcnum_c_end                            0x0800ed70   Data           0  lc_numeric_c.o(locale$$data)
    .data                                    0x20000000   Section       36  main.o(.data)
    .data                                    0x20000024   Section       20  system_stm32f4xx.o(.data)
    .data                                    0x20000038   Section        2  adc.o(.data)
    .data                                    0x2000003c   Section        8  lcd.o(.data)
    .data                                    0x20000044   Section        8  ltdc.o(.data)
    .data                                    0x2000004c   Section       12  led.o(.data)
    .data                                    0x20000058   Section        8  usart.o(.data)
    .data                                    0x20000060   Section       17  key.o(.data)
    key_up                                   0x20000070   Data           1  key.o(.data)
    .data                                    0x20000074   Section        4  stm32f4xx_hal.o(.data)
    uwTick                                   0x20000074   Data           4  stm32f4xx_hal.o(.data)
    .bss                                     0x20000078   Section       40  main.o(.bss)
    .bss                                     0x200000a0   Section      136  adc.o(.bss)
    .bss                                     0x20000128   Section       96  lcd.o(.bss)
    .bss                                     0x20000188   Section      264  ltdc.o(.bss)
    .bss                                     0x20000290   Section       52  sdram.o(.bss)
    .bss                                     0x200002c4   Section       60  timer.o(.bss)
    .bss                                     0x20000300   Section      264  usart.o(.bss)
    .bss                                     0x20000408   Section       88  dma.o(.bss)
    .bss                                     0x20000460   Section       96  libspace.o(.bss)
    HEAP                                     0x200004c0   Section      512  startup_stm32f429xx.o(HEAP)
    Heap_Mem                                 0x200004c0   Data         512  startup_stm32f429xx.o(HEAP)
    STACK                                    0x200006c0   Section     2560  startup_stm32f429xx.o(STACK)
    Stack_Mem                                0x200006c0   Data        2560  startup_stm32f429xx.o(STACK)
    __initial_sp                             0x200010c0   Data           0  startup_stm32f429xx.o(STACK)
    .ARM.__AT_0xC0000000                     0xc0000000   Section    1228800  ltdc.o(.ARM.__AT_0xC0000000)

    Global Symbols

    Symbol Name                              Value     Ov Type        Size  Object(Section)

    BuildAttributes$$THM_ISAv4$E$P$D$K$B$S$7EM$VFPi3$EXTD16$VFPS$VFMA$PE$A:L22UL41UL21$X:L11$S22US41US21$IEEE1$IW$USESV6$~STKCKD$USESV7$~SHL$OTIME$ROPI$IEEEJ$EBA8$UX$STANDARDLIB$REQ8$PRES8$EABIv2 0x00000000   Number         0  anon$$obj.o ABSOLUTE
    __ARM_use_no_argv                        0x00000000   Number         0  main.o ABSOLUTE
    _printf_flags                            0x00000000   Number         0  printf_stubs.o ABSOLUTE
    _printf_return_value                     0x00000000   Number         0  printf_stubs.o ABSOLUTE
    _printf_sizespec                         0x00000000   Number         0  printf_stubs.o ABSOLUTE
    _printf_widthprec                        0x00000000   Number         0  printf_stubs.o ABSOLUTE
    __ARM_exceptions_init                     - Undefined Weak Reference
    __alloca_initialize                       - Undefined Weak Reference
    __arm_preinit_                            - Undefined Weak Reference
    __cpp_initialize__aeabi_                  - Undefined Weak Reference
    __cxa_finalize                            - Undefined Weak Reference
    __sigvec_lookup                           - Undefined Weak Reference
    _atexit_init                              - Undefined Weak Reference
    _call_atexit_fns                          - Undefined Weak Reference
    _clock_init                               - Undefined Weak Reference
    _fp_trap_init                             - Undefined Weak Reference
    _fp_trap_shutdown                         - Undefined Weak Reference
    _get_lc_collate                           - Undefined Weak Reference
    _get_lc_ctype                             - Undefined Weak Reference
    _get_lc_monetary                          - Undefined Weak Reference
    _get_lc_time                              - Undefined Weak Reference
    _getenv_init                              - Undefined Weak Reference
    _handle_redirection                       - Undefined Weak Reference
    _init_alloc                               - Undefined Weak Reference
    _init_user_alloc                          - Undefined Weak Reference
    _initio                                   - Undefined Weak Reference
    _mutex_acquire                            - Undefined Weak Reference
    _mutex_release                            - Undefined Weak Reference
    _printf_post_padding                      - Undefined Weak Reference
    _printf_pre_padding                       - Undefined Weak Reference
    _printf_truncate_signed                   - Undefined Weak Reference
    _printf_truncate_unsigned                 - Undefined Weak Reference
    _rand_init                                - Undefined Weak Reference
    _signal_finish                            - Undefined Weak Reference
    _signal_init                              - Undefined Weak Reference
    _terminate_alloc                          - Undefined Weak Reference
    _terminate_user_alloc                     - Undefined Weak Reference
    _terminateio                              - Undefined Weak Reference
    __Vectors_Size                           0x000001ac   Number         0  startup_stm32f429xx.o ABSOLUTE
    __Vectors                                0x08000000   Data           4  startup_stm32f429xx.o(RESET)
    __Vectors_End                            0x080001ac   Data           0  startup_stm32f429xx.o(RESET)
    __main                                   0x080001ad   Thumb Code     8  __main.o(!!!main)
    __scatterload                            0x080001b5   Thumb Code     0  __scatter.o(!!!scatter)
    __scatterload_rt2                        0x080001b5   Thumb Code    44  __scatter.o(!!!scatter)
    __scatterload_rt2_thumb_only             0x080001b5   Thumb Code     0  __scatter.o(!!!scatter)
    __scatterload_null                       0x080001c3   Thumb Code     0  __scatter.o(!!!scatter)
    __scatterload_copy                       0x080001e9   Thumb Code    26  __scatter_copy.o(!!handler_copy)
    __scatterload_zeroinit                   0x08000205   Thumb Code    28  __scatter_zi.o(!!handler_zi)
    _printf_f                                0x08000221   Thumb Code     0  _printf_f.o(.ARM.Collect$$_printf_percent$$00000003)
    _printf_percent                          0x08000221   Thumb Code     0  _printf_percent.o(.ARM.Collect$$_printf_percent$$00000000)
    _printf_d                                0x08000227   Thumb Code     0  _printf_d.o(.ARM.Collect$$_printf_percent$$00000009)
    _printf_percent_end                      0x0800022d   Thumb Code     0  _printf_percent_end.o(.ARM.Collect$$_printf_percent$$00000017)
    __rt_lib_init                            0x08000231   Thumb Code     0  libinit.o(.ARM.Collect$$libinit$$00000000)
    __rt_lib_init_fp_1                       0x08000233   Thumb Code     0  libinit2.o(.ARM.Collect$$libinit$$00000001)
    __rt_lib_init_heap_1                     0x08000237   Thumb Code     0  libinit2.o(.ARM.Collect$$libinit$$0000000A)
    __rt_lib_init_lc_common                  0x08000237   Thumb Code     0  libinit2.o(.ARM.Collect$$libinit$$0000000F)
    __rt_lib_init_preinit_1                  0x08000237   Thumb Code     0  libinit2.o(.ARM.Collect$$libinit$$00000004)
    __rt_lib_init_rand_1                     0x08000237   Thumb Code     0  libinit2.o(.ARM.Collect$$libinit$$0000000E)
    __rt_lib_init_user_alloc_1               0x08000237   Thumb Code     0  libinit2.o(.ARM.Collect$$libinit$$0000000C)
    __rt_lib_init_lc_collate_1               0x0800023d   Thumb Code     0  libinit2.o(.ARM.Collect$$libinit$$00000011)
    __rt_lib_init_lc_ctype_1                 0x0800023d   Thumb Code     0  libinit2.o(.ARM.Collect$$libinit$$00000013)
    __rt_lib_init_lc_monetary_1              0x0800023d   Thumb Code     0  libinit2.o(.ARM.Collect$$libinit$$00000015)
    __rt_lib_init_lc_numeric_2               0x0800023d   Thumb Code     0  libinit2.o(.ARM.Collect$$libinit$$00000016)
    __rt_lib_init_alloca_1                   0x08000247   Thumb Code     0  libinit2.o(.ARM.Collect$$libinit$$0000002E)
    __rt_lib_init_argv_1                     0x08000247   Thumb Code     0  libinit2.o(.ARM.Collect$$libinit$$0000002C)
    __rt_lib_init_atexit_1                   0x08000247   Thumb Code     0  libinit2.o(.ARM.Collect$$libinit$$0000001B)
    __rt_lib_init_clock_1                    0x08000247   Thumb Code     0  libinit2.o(.ARM.Collect$$libinit$$00000021)
    __rt_lib_init_cpp_1                      0x08000247   Thumb Code     0  libinit2.o(.ARM.Collect$$libinit$$00000032)
    __rt_lib_init_exceptions_1               0x08000247   Thumb Code     0  libinit2.o(.ARM.Collect$$libinit$$00000030)
    __rt_lib_init_fp_trap_1                  0x08000247   Thumb Code     0  libinit2.o(.ARM.Collect$$libinit$$0000001F)
    __rt_lib_init_getenv_1                   0x08000247   Thumb Code     0  libinit2.o(.ARM.Collect$$libinit$$00000023)
    __rt_lib_init_lc_numeric_1               0x08000247   Thumb Code     0  libinit2.o(.ARM.Collect$$libinit$$00000017)
    __rt_lib_init_lc_time_1                  0x08000247   Thumb Code     0  libinit2.o(.ARM.Collect$$libinit$$00000019)
    __rt_lib_init_return                     0x08000247   Thumb Code     0  libinit2.o(.ARM.Collect$$libinit$$00000033)
    __rt_lib_init_signal_1                   0x08000247   Thumb Code     0  libinit2.o(.ARM.Collect$$libinit$$0000001D)
    __rt_lib_init_stdio_1                    0x08000247   Thumb Code     0  libinit2.o(.ARM.Collect$$libinit$$00000025)
    __rt_lib_shutdown                        0x08000249   Thumb Code     0  libshutdown.o(.ARM.Collect$$libshutdown$$00000000)
    __rt_lib_shutdown_cpp_1                  0x0800024b   Thumb Code     0  libshutdown2.o(.ARM.Collect$$libshutdown$$00000002)
    __rt_lib_shutdown_fp_trap_1              0x0800024b   Thumb Code     0  libshutdown2.o(.ARM.Collect$$libshutdown$$00000007)
    __rt_lib_shutdown_heap_1                 0x0800024b   Thumb Code     0  libshutdown2.o(.ARM.Collect$$libshutdown$$0000000F)
    __rt_lib_shutdown_return                 0x0800024b   Thumb Code     0  libshutdown2.o(.ARM.Collect$$libshutdown$$00000010)
    __rt_lib_shutdown_signal_1               0x0800024b   Thumb Code     0  libshutdown2.o(.ARM.Collect$$libshutdown$$0000000A)
    __rt_lib_shutdown_stdio_1                0x0800024b   Thumb Code     0  libshutdown2.o(.ARM.Collect$$libshutdown$$00000004)
    __rt_lib_shutdown_user_alloc_1           0x0800024b   Thumb Code     0  libshutdown2.o(.ARM.Collect$$libshutdown$$0000000C)
    __rt_entry                               0x0800024d   Thumb Code     0  __rtentry.o(.ARM.Collect$$rtentry$$00000000)
    __rt_entry_presh_1                       0x0800024d   Thumb Code     0  __rtentry2.o(.ARM.Collect$$rtentry$$00000002)
    __rt_entry_sh                            0x0800024d   Thumb Code     0  __rtentry4.o(.ARM.Collect$$rtentry$$00000004)
    __rt_entry_li                            0x08000253   Thumb Code     0  __rtentry2.o(.ARM.Collect$$rtentry$$0000000A)
    __rt_entry_postsh_1                      0x08000253   Thumb Code     0  __rtentry2.o(.ARM.Collect$$rtentry$$00000009)
    __rt_entry_main                          0x08000257   Thumb Code     0  __rtentry2.o(.ARM.Collect$$rtentry$$0000000D)
    __rt_entry_postli_1                      0x08000257   Thumb Code     0  __rtentry2.o(.ARM.Collect$$rtentry$$0000000C)
    __rt_exit                                0x0800025f   Thumb Code     0  rtexit.o(.ARM.Collect$$rtexit$$00000000)
    __rt_exit_ls                             0x08000261   Thumb Code     0  rtexit2.o(.ARM.Collect$$rtexit$$00000003)
    __rt_exit_prels_1                        0x08000261   Thumb Code     0  rtexit2.o(.ARM.Collect$$rtexit$$00000002)
    __rt_exit_exit                           0x08000265   Thumb Code     0  rtexit2.o(.ARM.Collect$$rtexit$$00000004)
    Reset_Handler                            0x0800026d   Thumb Code     8  startup_stm32f429xx.o(.text)
    ADC_IRQHandler                           0x08000287   Thumb Code     0  startup_stm32f429xx.o(.text)
    CAN1_RX0_IRQHandler                      0x08000287   Thumb Code     0  startup_stm32f429xx.o(.text)
    CAN1_RX1_IRQHandler                      0x08000287   Thumb Code     0  startup_stm32f429xx.o(.text)
    CAN1_SCE_IRQHandler                      0x08000287   Thumb Code     0  startup_stm32f429xx.o(.text)
    CAN1_TX_IRQHandler                       0x08000287   Thumb Code     0  startup_stm32f429xx.o(.text)
    CAN2_RX0_IRQHandler                      0x08000287   Thumb Code     0  startup_stm32f429xx.o(.text)
    CAN2_RX1_IRQHandler                      0x08000287   Thumb Code     0  startup_stm32f429xx.o(.text)
    CAN2_SCE_IRQHandler                      0x08000287   Thumb Code     0  startup_stm32f429xx.o(.text)
    CAN2_TX_IRQHandler                       0x08000287   Thumb Code     0  startup_stm32f429xx.o(.text)
    DCMI_IRQHandler                          0x08000287   Thumb Code     0  startup_stm32f429xx.o(.text)
    DMA1_Stream0_IRQHandler                  0x08000287   Thumb Code     0  startup_stm32f429xx.o(.text)
    DMA1_Stream1_IRQHandler                  0x08000287   Thumb Code     0  startup_stm32f429xx.o(.text)
    DMA1_Stream2_IRQHandler                  0x08000287   Thumb Code     0  startup_stm32f429xx.o(.text)
    DMA1_Stream3_IRQHandler                  0x08000287   Thumb Code     0  startup_stm32f429xx.o(.text)
    DMA1_Stream4_IRQHandler                  0x08000287   Thumb Code     0  startup_stm32f429xx.o(.text)
    DMA1_Stream5_IRQHandler                  0x08000287   Thumb Code     0  startup_stm32f429xx.o(.text)
    DMA1_Stream6_IRQHandler                  0x08000287   Thumb Code     0  startup_stm32f429xx.o(.text)
    DMA1_Stream7_IRQHandler                  0x08000287   Thumb Code     0  startup_stm32f429xx.o(.text)
    DMA2D_IRQHandler                         0x08000287   Thumb Code     0  startup_stm32f429xx.o(.text)
    DMA2_Stream0_IRQHandler                  0x08000287   Thumb Code     0  startup_stm32f429xx.o(.text)
    DMA2_Stream1_IRQHandler                  0x08000287   Thumb Code     0  startup_stm32f429xx.o(.text)
    DMA2_Stream2_IRQHandler                  0x08000287   Thumb Code     0  startup_stm32f429xx.o(.text)
    DMA2_Stream3_IRQHandler                  0x08000287   Thumb Code     0  startup_stm32f429xx.o(.text)
    DMA2_Stream4_IRQHandler                  0x08000287   Thumb Code     0  startup_stm32f429xx.o(.text)
    DMA2_Stream5_IRQHandler                  0x08000287   Thumb Code     0  startup_stm32f429xx.o(.text)
    DMA2_Stream6_IRQHandler                  0x08000287   Thumb Code     0  startup_stm32f429xx.o(.text)
    DMA2_Stream7_IRQHandler                  0x08000287   Thumb Code     0  startup_stm32f429xx.o(.text)
    ETH_IRQHandler                           0x08000287   Thumb Code     0  startup_stm32f429xx.o(.text)
    ETH_WKUP_IRQHandler                      0x08000287   Thumb Code     0  startup_stm32f429xx.o(.text)
    EXTI0_IRQHandler                         0x08000287   Thumb Code     0  startup_stm32f429xx.o(.text)
    EXTI15_10_IRQHandler                     0x08000287   Thumb Code     0  startup_stm32f429xx.o(.text)
    EXTI1_IRQHandler                         0x08000287   Thumb Code     0  startup_stm32f429xx.o(.text)
    EXTI2_IRQHandler                         0x08000287   Thumb Code     0  startup_stm32f429xx.o(.text)
    EXTI3_IRQHandler                         0x08000287   Thumb Code     0  startup_stm32f429xx.o(.text)
    EXTI4_IRQHandler                         0x08000287   Thumb Code     0  startup_stm32f429xx.o(.text)
    EXTI9_5_IRQHandler                       0x08000287   Thumb Code     0  startup_stm32f429xx.o(.text)
    FLASH_IRQHandler                         0x08000287   Thumb Code     0  startup_stm32f429xx.o(.text)
    FMC_IRQHandler                           0x08000287   Thumb Code     0  startup_stm32f429xx.o(.text)
    FPU_IRQHandler                           0x08000287   Thumb Code     0  startup_stm32f429xx.o(.text)
    HASH_RNG_IRQHandler                      0x08000287   Thumb Code     0  startup_stm32f429xx.o(.text)
    I2C1_ER_IRQHandler                       0x08000287   Thumb Code     0  startup_stm32f429xx.o(.text)
    I2C1_EV_IRQHandler                       0x08000287   Thumb Code     0  startup_stm32f429xx.o(.text)
    I2C2_ER_IRQHandler                       0x08000287   Thumb Code     0  startup_stm32f429xx.o(.text)
    I2C2_EV_IRQHandler                       0x08000287   Thumb Code     0  startup_stm32f429xx.o(.text)
    I2C3_ER_IRQHandler                       0x08000287   Thumb Code     0  startup_stm32f429xx.o(.text)
    I2C3_EV_IRQHandler                       0x08000287   Thumb Code     0  startup_stm32f429xx.o(.text)
    LTDC_ER_IRQHandler                       0x08000287   Thumb Code     0  startup_stm32f429xx.o(.text)
    LTDC_IRQHandler                          0x08000287   Thumb Code     0  startup_stm32f429xx.o(.text)
    OTG_FS_IRQHandler                        0x08000287   Thumb Code     0  startup_stm32f429xx.o(.text)
    OTG_FS_WKUP_IRQHandler                   0x08000287   Thumb Code     0  startup_stm32f429xx.o(.text)
    OTG_HS_EP1_IN_IRQHandler                 0x08000287   Thumb Code     0  startup_stm32f429xx.o(.text)
    OTG_HS_EP1_OUT_IRQHandler                0x08000287   Thumb Code     0  startup_stm32f429xx.o(.text)
    OTG_HS_IRQHandler                        0x08000287   Thumb Code     0  startup_stm32f429xx.o(.text)
    OTG_HS_WKUP_IRQHandler                   0x08000287   Thumb Code     0  startup_stm32f429xx.o(.text)
    PVD_IRQHandler                           0x08000287   Thumb Code     0  startup_stm32f429xx.o(.text)
    RCC_IRQHandler                           0x08000287   Thumb Code     0  startup_stm32f429xx.o(.text)
    RTC_Alarm_IRQHandler                     0x08000287   Thumb Code     0  startup_stm32f429xx.o(.text)
    RTC_WKUP_IRQHandler                      0x08000287   Thumb Code     0  startup_stm32f429xx.o(.text)
    SAI1_IRQHandler                          0x08000287   Thumb Code     0  startup_stm32f429xx.o(.text)
    SDIO_IRQHandler                          0x08000287   Thumb Code     0  startup_stm32f429xx.o(.text)
    SPI1_IRQHandler                          0x08000287   Thumb Code     0  startup_stm32f429xx.o(.text)
    SPI2_IRQHandler                          0x08000287   Thumb Code     0  startup_stm32f429xx.o(.text)
    SPI3_IRQHandler                          0x08000287   Thumb Code     0  startup_stm32f429xx.o(.text)
    SPI4_IRQHandler                          0x08000287   Thumb Code     0  startup_stm32f429xx.o(.text)
    SPI5_IRQHandler                          0x08000287   Thumb Code     0  startup_stm32f429xx.o(.text)
    SPI6_IRQHandler                          0x08000287   Thumb Code     0  startup_stm32f429xx.o(.text)
    TAMP_STAMP_IRQHandler                    0x08000287   Thumb Code     0  startup_stm32f429xx.o(.text)
    TIM1_BRK_TIM9_IRQHandler                 0x08000287   Thumb Code     0  startup_stm32f429xx.o(.text)
    TIM1_CC_IRQHandler                       0x08000287   Thumb Code     0  startup_stm32f429xx.o(.text)
    TIM1_TRG_COM_TIM11_IRQHandler            0x08000287   Thumb Code     0  startup_stm32f429xx.o(.text)
    TIM1_UP_TIM10_IRQHandler                 0x08000287   Thumb Code     0  startup_stm32f429xx.o(.text)
    TIM2_IRQHandler                          0x08000287   Thumb Code     0  startup_stm32f429xx.o(.text)
    TIM4_IRQHandler                          0x08000287   Thumb Code     0  startup_stm32f429xx.o(.text)
    TIM5_IRQHandler                          0x08000287   Thumb Code     0  startup_stm32f429xx.o(.text)
    TIM6_DAC_IRQHandler                      0x08000287   Thumb Code     0  startup_stm32f429xx.o(.text)
    TIM7_IRQHandler                          0x08000287   Thumb Code     0  startup_stm32f429xx.o(.text)
    TIM8_BRK_TIM12_IRQHandler                0x08000287   Thumb Code     0  startup_stm32f429xx.o(.text)
    TIM8_CC_IRQHandler                       0x08000287   Thumb Code     0  startup_stm32f429xx.o(.text)
    TIM8_TRG_COM_TIM14_IRQHandler            0x08000287   Thumb Code     0  startup_stm32f429xx.o(.text)
    TIM8_UP_TIM13_IRQHandler                 0x08000287   Thumb Code     0  startup_stm32f429xx.o(.text)
    UART4_IRQHandler                         0x08000287   Thumb Code     0  startup_stm32f429xx.o(.text)
    UART5_IRQHandler                         0x08000287   Thumb Code     0  startup_stm32f429xx.o(.text)
    UART7_IRQHandler                         0x08000287   Thumb Code     0  startup_stm32f429xx.o(.text)
    UART8_IRQHandler                         0x08000287   Thumb Code     0  startup_stm32f429xx.o(.text)
    USART2_IRQHandler                        0x08000287   Thumb Code     0  startup_stm32f429xx.o(.text)
    USART3_IRQHandler                        0x08000287   Thumb Code     0  startup_stm32f429xx.o(.text)
    USART6_IRQHandler                        0x08000287   Thumb Code     0  startup_stm32f429xx.o(.text)
    WWDG_IRQHandler                          0x08000287   Thumb Code     0  startup_stm32f429xx.o(.text)
    __user_initial_stackheap                 0x08000289   Thumb Code     0  startup_stm32f429xx.o(.text)
    __use_no_semihosting                     0x080002ad   Thumb Code     2  use_no_semi_2.o(.text)
    __2printf                                0x080002b1   Thumb Code    20  noretval__2printf.o(.text)
    __2sprintf                               0x080002c9   Thumb Code    34  noretval__2sprintf.o(.text)
    _printf_int_dec                          0x080002f1   Thumb Code   104  _printf_dec.o(.text)
    __printf                                 0x08000369   Thumb Code   270  __printf_wp.o(.text)
    __aeabi_memcpy4                          0x08000477   Thumb Code     0  rt_memcpy_w.o(.text)
    __aeabi_memcpy8                          0x08000477   Thumb Code     0  rt_memcpy_w.o(.text)
    __rt_memcpy_w                            0x08000477   Thumb Code   100  rt_memcpy_w.o(.text)
    _memcpy_lastbytes_aligned                0x080004bf   Thumb Code     0  rt_memcpy_w.o(.text)
    __use_two_region_memory                  0x080004db   Thumb Code     2  heapauxi.o(.text)
    __rt_heap_escrow$2region                 0x080004dd   Thumb Code     2  heapauxi.o(.text)
    __rt_heap_expand$2region                 0x080004df   Thumb Code     2  heapauxi.o(.text)
    __I$use$semihosting                      0x080004e1   Thumb Code     0  use_no_semi.o(.text)
    __use_no_semihosting_swi                 0x080004e1   Thumb Code     2  use_no_semi.o(.text)
    __read_errno                             0x080004e3   Thumb Code    10  _rserrno.o(.text)
    __set_errno                              0x080004ed   Thumb Code    12  _rserrno.o(.text)
    _printf_int_common                       0x080004f9   Thumb Code   178  _printf_intcommon.o(.text)
    __lib_sel_fp_printf                      0x080005ab   Thumb Code     2  _printf_fp_dec.o(.text)
    _printf_fp_dec_real                      0x0800075d   Thumb Code   620  _printf_fp_dec.o(.text)
    _printf_char_common                      0x080009d3   Thumb Code    32  _printf_char_common.o(.text)
    _sputc                                   0x080009f9   Thumb Code    10  _sputc.o(.text)
    _printf_char_file                        0x08000a05   Thumb Code    32  _printf_char_file.o(.text)
    __rt_locale                              0x08000a29   Thumb Code     8  rt_locale_intlibspace.o(.text)
    __aeabi_errno_addr                       0x08000a31   Thumb Code     8  rt_errno_addr_intlibspace.o(.text)
    __errno$intlibspace                      0x08000a31   Thumb Code     0  rt_errno_addr_intlibspace.o(.text)
    __rt_errno_addr$intlibspace              0x08000a31   Thumb Code     0  rt_errno_addr_intlibspace.o(.text)
    _ll_udiv10                               0x08000a39   Thumb Code   138  lludiv10.o(.text)
    _printf_fp_infnan                        0x08000ac5   Thumb Code   112  _printf_fp_infnan.o(.text)
    _btod_etento                             0x08000b45   Thumb Code   224  bigflt0.o(.text)
    ferror                                   0x08000c29   Thumb Code     8  ferror.o(.text)
    __user_libspace                          0x08000c31   Thumb Code     8  libspace.o(.text)
    __user_perproc_libspace                  0x08000c31   Thumb Code     0  libspace.o(.text)
    __user_perthread_libspace                0x08000c31   Thumb Code     0  libspace.o(.text)
    __user_setup_stackheap                   0x08000c39   Thumb Code    74  sys_stackheap_outer.o(.text)
    exit                                     0x08000c83   Thumb Code    18  exit.o(.text)
    strcmp                                   0x08000c95   Thumb Code   128  strcmpv7m.o(.text)
    _btod_d2e                                0x08000d15   Thumb Code    62  btod.o(CL$$btod_d2e)
    _d2e_denorm_low                          0x08000d53   Thumb Code    70  btod.o(CL$$btod_d2e_denorm_low)
    _d2e_norm_op1                            0x08000d99   Thumb Code    96  btod.o(CL$$btod_d2e_norm_op1)
    __btod_div_common                        0x08000df9   Thumb Code   696  btod.o(CL$$btod_div_common)
    _e2e                                     0x08001131   Thumb Code   220  btod.o(CL$$btod_e2e)
    _btod_ediv                               0x0800120d   Thumb Code    42  btod.o(CL$$btod_ediv)
    _btod_emul                               0x08001237   Thumb Code    42  btod.o(CL$$btod_emul)
    __btod_mult_common                       0x08001261   Thumb Code   580  btod.o(CL$$btod_mult_common)
    BSP_LED_Init                             0x0800166d   Thumb Code   168  led.o(i.BSP_LED_Init)
    BusFault_Handler                         0x08001721   Thumb Code     4  stm32f4xx_it.o(i.BusFault_Handler)
    DebugMon_Handler                         0x08001785   Thumb Code     2  stm32f4xx_it.o(i.DebugMon_Handler)
    FMC_NORSRAM_Extended_Timing_Init         0x08001789   Thumb Code    66  stm32f4xx_ll_fmc.o(i.FMC_NORSRAM_Extended_Timing_Init)
    FMC_NORSRAM_Init                         0x080017d1   Thumb Code   122  stm32f4xx_ll_fmc.o(i.FMC_NORSRAM_Init)
    FMC_NORSRAM_Timing_Init                  0x08001851   Thumb Code    94  stm32f4xx_ll_fmc.o(i.FMC_NORSRAM_Timing_Init)
    FMC_SDRAM_Init                           0x080018af   Thumb Code   116  stm32f4xx_ll_fmc.o(i.FMC_SDRAM_Init)
    FMC_SDRAM_ProgramRefreshRate             0x08001923   Thumb Code    14  stm32f4xx_ll_fmc.o(i.FMC_SDRAM_ProgramRefreshRate)
    FMC_SDRAM_SendCommand                    0x08001931   Thumb Code    82  stm32f4xx_ll_fmc.o(i.FMC_SDRAM_SendCommand)
    FMC_SDRAM_Timing_Init                    0x08001983   Thumb Code   152  stm32f4xx_ll_fmc.o(i.FMC_SDRAM_Timing_Init)
    Get_Adc                                  0x08001a1d   Thumb Code    52  adc.o(i.Get_Adc)
    Get_Adc1                                 0x08001a55   Thumb Code    52  adc.o(i.Get_Adc1)
    Get_Adc_Average1                         0x08001a8d   Thumb Code    40  adc.o(i.Get_Adc_Average1)
    Get_Adc_Average2                         0x08001ab5   Thumb Code    40  adc.o(i.Get_Adc_Average2)
    HAL_ADC2_Init                            0x08001add   Thumb Code    74  stm32f4xx_hal_adc.o(i.HAL_ADC2_Init)
    HAL_ADC_ConfigChannel                    0x08001b2d   Thumb Code   390  stm32f4xx_hal_adc.o(i.HAL_ADC_ConfigChannel)
    HAL_ADC_ConvCpltCallback                 0x08001cc9   Thumb Code     2  stm32f4xx_hal_adc.o(i.HAL_ADC_ConvCpltCallback)
    HAL_ADC_ConvHalfCpltCallback             0x08001ccb   Thumb Code     2  stm32f4xx_hal_adc.o(i.HAL_ADC_ConvHalfCpltCallback)
    HAL_ADC_ErrorCallback                    0x08001ccd   Thumb Code     2  stm32f4xx_hal_adc.o(i.HAL_ADC_ErrorCallback)
    HAL_ADC_GetValue                         0x08001ccf   Thumb Code     8  stm32f4xx_hal_adc.o(i.HAL_ADC_GetValue)
    HAL_ADC_Init                             0x08001cd9   Thumb Code    74  stm32f4xx_hal_adc.o(i.HAL_ADC_Init)
    HAL_ADC_MspInit                          0x08001d29   Thumb Code    98  adc.o(i.HAL_ADC_MspInit)
    HAL_ADC_MspInit0                         0x08001d95   Thumb Code    98  adc.o(i.HAL_ADC_MspInit0)
    HAL_ADC_PollForConversion                0x08001e01   Thumb Code   130  stm32f4xx_hal_adc.o(i.HAL_ADC_PollForConversion)
    HAL_ADC_Start                            0x08001e85   Thumb Code   182  stm32f4xx_hal_adc.o(i.HAL_ADC_Start)
    HAL_ADC_Start_DMA                        0x08001f4d   Thumb Code   186  stm32f4xx_hal_adc.o(i.HAL_ADC_Start_DMA)
    HAL_DMA_DeInit                           0x0800201d   Thumb Code   100  stm32f4xx_hal_dma.o(i.HAL_DMA_DeInit)
    HAL_DMA_Init                             0x08002081   Thumb Code   128  stm32f4xx_hal_dma.o(i.HAL_DMA_Init)
    HAL_DMA_Start                            0x08002105   Thumb Code    82  stm32f4xx_hal_dma.o(i.HAL_DMA_Start)
    HAL_DMA_Start_IT                         0x08002157   Thumb Code   106  stm32f4xx_hal_dma.o(i.HAL_DMA_Start_IT)
    HAL_GPIO_Init                            0x080021c1   Thumb Code   486  stm32f4xx_hal_gpio.o(i.HAL_GPIO_Init)
    HAL_GPIO_ReadPin                         0x080023dd   Thumb Code    16  stm32f4xx_hal_gpio.o(i.HAL_GPIO_ReadPin)
    HAL_GPIO_WritePin                        0x080023ed   Thumb Code    12  stm32f4xx_hal_gpio.o(i.HAL_GPIO_WritePin)
    HAL_GetTick                              0x080023f9   Thumb Code     6  stm32f4xx_hal.o(i.HAL_GetTick)
    HAL_IncTick                              0x08002405   Thumb Code    12  stm32f4xx_hal.o(i.HAL_IncTick)
    HAL_Init                                 0x08002415   Thumb Code    54  stm32f4xx_hal.o(i.HAL_Init)
    HAL_InitTick                             0x08002451   Thumb Code    36  stm32f4xx_hal.o(i.HAL_InitTick)
    HAL_LTDC_ConfigLayer                     0x08002475   Thumb Code    94  stm32f4xx_hal_ltdc.o(i.HAL_LTDC_ConfigLayer)
    HAL_LTDC_Init                            0x080024d5   Thumb Code   290  stm32f4xx_hal_ltdc.o(i.HAL_LTDC_Init)
    HAL_LTDC_MspInit                         0x080025fd   Thumb Code   364  ltdc.o(i.HAL_LTDC_MspInit)
    HAL_LTDC_SetWindowPosition               0x08002781   Thumb Code   108  stm32f4xx_hal_ltdc.o(i.HAL_LTDC_SetWindowPosition)
    HAL_LTDC_SetWindowSize                   0x080027ed   Thumb Code   116  stm32f4xx_hal_ltdc.o(i.HAL_LTDC_SetWindowSize)
    HAL_MspInit                              0x08002861   Thumb Code    10  stm32f4xx_hal.o(i.HAL_MspInit)
    HAL_NVIC_EnableIRQ                       0x0800286b   Thumb Code    26  stm32f4xx_hal_cortex.o(i.HAL_NVIC_EnableIRQ)
    HAL_NVIC_SetPriority                     0x08002885   Thumb Code   124  stm32f4xx_hal_cortex.o(i.HAL_NVIC_SetPriority)
    HAL_NVIC_SetPriorityGrouping             0x08002901   Thumb Code    32  stm32f4xx_hal_cortex.o(i.HAL_NVIC_SetPriorityGrouping)
    HAL_PWREx_EnableOverDrive                0x08002929   Thumb Code   152  stm32f4xx_hal_pwr_ex.o(i.HAL_PWREx_EnableOverDrive)
    HAL_RCCEx_PeriphCLKConfig                0x080029cd   Thumb Code   848  stm32f4xx_hal_rcc_ex.o(i.HAL_RCCEx_PeriphCLKConfig)
    HAL_RCC_ClockConfig                      0x08002d35   Thumb Code   680  stm32f4xx_hal_rcc.o(i.HAL_RCC_ClockConfig)
    HAL_RCC_GetHCLKFreq                      0x08002fe5   Thumb Code    42  stm32f4xx_hal_rcc.o(i.HAL_RCC_GetHCLKFreq)
    HAL_RCC_GetPCLK1Freq                     0x0800301d   Thumb Code    36  stm32f4xx_hal_rcc.o(i.HAL_RCC_GetPCLK1Freq)
    HAL_RCC_GetPCLK2Freq                     0x08003049   Thumb Code    36  stm32f4xx_hal_rcc.o(i.HAL_RCC_GetPCLK2Freq)
    HAL_RCC_GetSysClockFreq                  0x08003075   Thumb Code   168  stm32f4xx_hal_rcc.o(i.HAL_RCC_GetSysClockFreq)
    HAL_RCC_OscConfig                        0x08003129   Thumb Code  1032  stm32f4xx_hal_rcc.o(i.HAL_RCC_OscConfig)
    HAL_SDRAM_Init                           0x08003531   Thumb Code    64  stm32f4xx_hal_sdram.o(i.HAL_SDRAM_Init)
    HAL_SDRAM_MspInit                        0x08003571   Thumb Code   282  sdram.o(i.HAL_SDRAM_MspInit)
    HAL_SDRAM_ProgramRefreshRate             0x080036a5   Thumb Code    40  stm32f4xx_hal_sdram.o(i.HAL_SDRAM_ProgramRefreshRate)
    HAL_SDRAM_SendCommand                    0x080036cd   Thumb Code    58  stm32f4xx_hal_sdram.o(i.HAL_SDRAM_SendCommand)
    HAL_SRAM_Init                            0x08003707   Thumb Code    88  stm32f4xx_hal_sram.o(i.HAL_SRAM_Init)
    HAL_SRAM_MspInit                         0x08003761   Thumb Code   292  lcd.o(i.HAL_SRAM_MspInit)
    HAL_SYSTICK_Config                       0x08003899   Thumb Code    52  stm32f4xx_hal_cortex.o(i.HAL_SYSTICK_Config)
    HAL_TIMEx_BreakCallback                  0x080038cd   Thumb Code     2  stm32f4xx_hal_tim_ex.o(i.HAL_TIMEx_BreakCallback)
    HAL_TIMEx_CommutationCallback            0x080038cf   Thumb Code     2  stm32f4xx_hal_tim_ex.o(i.HAL_TIMEx_CommutationCallback)
    HAL_TIM_IC_CaptureCallback               0x080038d1   Thumb Code     2  stm32f4xx_hal_tim.o(i.HAL_TIM_IC_CaptureCallback)
    HAL_TIM_IRQHandler                       0x080038d3   Thumb Code   406  stm32f4xx_hal_tim.o(i.HAL_TIM_IRQHandler)
    HAL_TIM_OC_DelayElapsedCallback          0x08003a69   Thumb Code     2  stm32f4xx_hal_tim.o(i.HAL_TIM_OC_DelayElapsedCallback)
    HAL_TIM_PWM_PulseFinishedCallback        0x08003a6b   Thumb Code     2  stm32f4xx_hal_tim.o(i.HAL_TIM_PWM_PulseFinishedCallback)
    HAL_TIM_PeriodElapsedCallback            0x08003a6d   Thumb Code    60  timer.o(i.HAL_TIM_PeriodElapsedCallback)
    HAL_TIM_TriggerCallback                  0x08003abd   Thumb Code     2  stm32f4xx_hal_tim.o(i.HAL_TIM_TriggerCallback)
    HAL_UART_ErrorCallback                   0x08003abf   Thumb Code     2  stm32f4xx_hal_uart.o(i.HAL_UART_ErrorCallback)
    HAL_UART_GetState                        0x08003ac1   Thumb Code     8  stm32f4xx_hal_uart.o(i.HAL_UART_GetState)
    HAL_UART_IRQHandler                      0x08003ac9   Thumb Code   304  stm32f4xx_hal_uart.o(i.HAL_UART_IRQHandler)
    HAL_UART_Init                            0x08003bf9   Thumb Code   110  stm32f4xx_hal_uart.o(i.HAL_UART_Init)
    HAL_UART_MspInit                         0x08003c69   Thumb Code   174  usart.o(i.HAL_UART_MspInit)
    HAL_UART_Receive_IT                      0x08003d25   Thumb Code   134  stm32f4xx_hal_uart.o(i.HAL_UART_Receive_IT)
    HAL_UART_RxCpltCallback                  0x08003dad   Thumb Code   120  usart.o(i.HAL_UART_RxCpltCallback)
    HAL_UART_TxCpltCallback                  0x08003e35   Thumb Code     2  stm32f4xx_hal_uart.o(i.HAL_UART_TxCpltCallback)
    HardFault_Handler                        0x08003e37   Thumb Code     4  stm32f4xx_it.o(i.HardFault_Handler)
    KEY_Scan                                 0x08003e3d   Thumb Code   188  key.o(i.KEY_Scan)
    LCD_Clear                                0x08003f05   Thumb Code    36  lcd.o(i.LCD_Clear)
    LCD_Display_Dir                          0x08003f31   Thumb Code   558  lcd.o(i.LCD_Display_Dir)
    LCD_DrawLine                             0x08004165   Thumb Code   176  lcd.o(i.LCD_DrawLine)
    LCD_DrawPoint                            0x08004215   Thumb Code    74  lcd.o(i.LCD_DrawPoint)
    LCD_Fast_DrawPoint                       0x08004271   Thumb Code   198  lcd.o(i.LCD_Fast_DrawPoint)
    LCD_Fill                                 0x08004345   Thumb Code   188  lcd.o(i.LCD_Fill)
    LCD_Init                                 0x080044b5   Thumb Code  5336  lcd.o(i.LCD_Init)
    LCD_RD_DATA                              0x08005995   Thumb Code    14  lcd.o(i.LCD_RD_DATA)
    LCD_ReadReg                              0x080059a9   Thumb Code    22  lcd.o(i.LCD_ReadReg)
    LCD_SetCursor                            0x080059c1   Thumb Code   172  lcd.o(i.LCD_SetCursor)
    LCD_Set_Window                           0x08005a71   Thumb Code   580  lcd.o(i.LCD_Set_Window)
    LCD_ShowChar                             0x08005cb9   Thumb Code   288  lcd.o(i.LCD_ShowChar)
    LCD_ShowString                           0x08005df5   Thumb Code   124  lcd.o(i.LCD_ShowString)
    LCD_WR_DATA                              0x08005e75   Thumb Code    18  lcd.o(i.LCD_WR_DATA)
    LCD_WR_REG                               0x08005e8d   Thumb Code    18  lcd.o(i.LCD_WR_REG)
    LCD_WriteByteSPI                         0x08005ea5   Thumb Code    66  ltdc.o(i.LCD_WriteByteSPI)
    LCD_WriteRAM                             0x08005ef1   Thumb Code     6  lcd.o(i.LCD_WriteRAM)
    LCD_WriteRAM_Prepare                     0x08005efd   Thumb Code    10  lcd.o(i.LCD_WriteRAM_Prepare)
    LCD_WriteReg                             0x08005f11   Thumb Code    10  lcd.o(i.LCD_WriteReg)
    LED_Init                                 0x08005f21   Thumb Code    22  led.o(i.LED_Init)
    LTDC_Clear                               0x08005f39   Thumb Code    32  ltdc.o(i.LTDC_Clear)
    LTDC_Clk_Set                             0x08005f5d   Thumb Code    38  ltdc.o(i.LTDC_Clk_Set)
    LTDC_Display_Dir                         0x08005f85   Thumb Code    84  ltdc.o(i.LTDC_Display_Dir)
    LTDC_Draw_Point                          0x08005fe1   Thumb Code   398  ltdc.o(i.LTDC_Draw_Point)
    LTDC_Fill                                0x0800617d   Thumb Code   840  ltdc.o(i.LTDC_Fill)
    LTDC_Init                                0x080064d9   Thumb Code   684  ltdc.o(i.LTDC_Init)
    LTDC_Layer_Parameter_Config              0x080067a1   Thumb Code   114  ltdc.o(i.LTDC_Layer_Parameter_Config)
    LTDC_Layer_Window_Config                 0x0800681d   Thumb Code    44  ltdc.o(i.LTDC_Layer_Window_Config)
    LTDC_Select_Layer                        0x0800684d   Thumb Code     6  ltdc.o(i.LTDC_Select_Layer)
    Lcd_Initialize                           0x08006a6b   Thumb Code  5192  ltdc.o(i.Lcd_Initialize)
    MYDMA_ADC_Transmit                       0x08007eb3   Thumb Code    36  dma.o(i.MYDMA_ADC_Transmit)
    MYDMA_Config                             0x08007ed9   Thumb Code   150  dma.o(i.MYDMA_Config)
    MY_ADC2_Init                             0x08007f81   Thumb Code    54  adc.o(i.MY_ADC2_Init)
    MY_ADC_Init                              0x08007fc5   Thumb Code    84  adc.o(i.MY_ADC_Init)
    MemManage_Handler                        0x08008025   Thumb Code     4  stm32f4xx_it.o(i.MemManage_Handler)
    NMI_Handler                              0x08008029   Thumb Code     2  stm32f4xx_it.o(i.NMI_Handler)
    PendSV_Handler                           0x08008065   Thumb Code     2  stm32f4xx_it.o(i.PendSV_Handler)
    SDRAM_Init                               0x08008069   Thumb Code   106  sdram.o(i.SDRAM_Init)
    SDRAM_Initialization_Sequence            0x080080dd   Thumb Code    68  sdram.o(i.SDRAM_Initialization_Sequence)
    SDRAM_Send_Cmd                           0x08008121   Thumb Code    68  sdram.o(i.SDRAM_Send_Cmd)
    SPI_Communication_Init                   0x08008169   Thumb Code   122  spi_communication.o(i.SPI_Communication_Init)
    SPI_Communication_Rece_Cmd_Data          0x080081ed   Thumb Code    28  spi_communication.o(i.SPI_Communication_Rece_Cmd_Data)
    SPI_Communication_Rece_Data              0x08008209   Thumb Code    68  spi_communication.o(i.SPI_Communication_Rece_Data)
    SPI_Communication_Send_Cmd               0x08008255   Thumb Code    92  spi_communication.o(i.SPI_Communication_Send_Cmd)
    SPI_Communication_Send_Cmd_Data          0x080082b5   Thumb Code    32  spi_communication.o(i.SPI_Communication_Send_Cmd_Data)
    SPI_Communication_Send_Data              0x080082d5   Thumb Code    92  spi_communication.o(i.SPI_Communication_Send_Data)
    SPI_WriteComm                            0x08008335   Thumb Code   110  ltdc.o(i.SPI_WriteComm)
    SPI_WriteData                            0x080083a9   Thumb Code    60  ltdc.o(i.SPI_WriteData)
    SVC_Handler                              0x080083e9   Thumb Code     2  stm32f4xx_it.o(i.SVC_Handler)
    SysTick_Handler                          0x080083eb   Thumb Code     8  stm32f4xx_it.o(i.SysTick_Handler)
    SystemClock_Config                       0x080083f5   Thumb Code   176  stm32f429_winner.o(i.SystemClock_Config)
    SystemInit                               0x080084ad   Thumb Code    82  system_stm32f4xx.o(i.SystemInit)
    TIM3_IRQHandler                          0x08008511   Thumb Code    10  timer.o(i.TIM3_IRQHandler)
    USART1_IRQHandler                        0x080088a1   Thumb Code    66  usart.o(i.USART1_IRQHandler)
    UsageFault_Handler                       0x080088f1   Thumb Code     4  stm32f4xx_it.o(i.UsageFault_Handler)
    __ARM_fpclassify                         0x080088f5   Thumb Code    48  fpclassify.o(i.__ARM_fpclassify)
    __hardfp_sqrt                            0x08008925   Thumb Code   122  sqrt.o(i.__hardfp_sqrt)
    _is_digit                                0x0800899f   Thumb Code    14  __printf_wp.o(i._is_digit)
    _sys_exit                                0x080089ad   Thumb Code     4  usart.o(i._sys_exit)
    delay_ms                                 0x080089b1   Thumb Code    24  delay.o(i.delay_ms)
    delay_us                                 0x080089c9   Thumb Code    24  delay.o(i.delay_us)
    fputc                                    0x080089e1   Thumb Code    22  usart.o(i.fputc)
    main                                     0x080089fd   Thumb Code  3606  main.o(i.main)
    uart_init                                0x080098c9   Thumb Code    44  usart.o(i.uart_init)
    _get_lc_numeric                          0x08009901   Thumb Code    44  lc_numeric_c.o(locale$$code)
    __aeabi_d2f                              0x0800992d   Thumb Code     0  d2f.o(x$fpl$d2f)
    _d2f                                     0x0800992d   Thumb Code    98  d2f.o(x$fpl$d2f)
    __aeabi_dadd                             0x08009991   Thumb Code     0  daddsub_clz.o(x$fpl$dadd)
    _dadd                                    0x08009991   Thumb Code   332  daddsub_clz.o(x$fpl$dadd)
    __fpl_dcmp_Inf                           0x08009ae1   Thumb Code    24  dcmpi.o(x$fpl$dcmpinf)
    __aeabi_ddiv                             0x08009af9   Thumb Code     0  ddiv.o(x$fpl$ddiv)
    _ddiv                                    0x08009af9   Thumb Code   552  ddiv.o(x$fpl$ddiv)
    __aeabi_i2d                              0x08009da9   Thumb Code     0  dflt_clz.o(x$fpl$dflt)
    _dflt                                    0x08009da9   Thumb Code    46  dflt_clz.o(x$fpl$dflt)
    __aeabi_ui2d                             0x08009dd7   Thumb Code     0  dflt_clz.o(x$fpl$dfltu)
    _dfltu                                   0x08009dd7   Thumb Code    38  dflt_clz.o(x$fpl$dfltu)
    __aeabi_cdcmple                          0x08009dfd   Thumb Code     0  dleqf.o(x$fpl$dleqf)
    _dcmple                                  0x08009dfd   Thumb Code   120  dleqf.o(x$fpl$dleqf)
    __fpl_dcmple_InfNaN                      0x08009e5f   Thumb Code     0  dleqf.o(x$fpl$dleqf)
    __aeabi_dmul                             0x08009e75   Thumb Code     0  dmul.o(x$fpl$dmul)
    _dmul                                    0x08009e75   Thumb Code   332  dmul.o(x$fpl$dmul)
    __fpl_dnaninf                            0x08009fc9   Thumb Code   156  dnaninf.o(x$fpl$dnaninf)
    __fpl_dretinf                            0x0800a065   Thumb Code    12  dretinf.o(x$fpl$dretinf)
    __aeabi_cdrcmple                         0x0800a071   Thumb Code     0  drleqf.o(x$fpl$drleqf)
    _drcmple                                 0x0800a071   Thumb Code   108  drleqf.o(x$fpl$drleqf)
    _dsqrt                                   0x0800a0dd   Thumb Code   404  dsqrt_umaal.o(x$fpl$dsqrt)
    __aeabi_dsub                             0x0800a275   Thumb Code     0  daddsub_clz.o(x$fpl$dsub)
    _dsub                                    0x0800a275   Thumb Code   464  daddsub_clz.o(x$fpl$dsub)
    __aeabi_f2d                              0x0800a449   Thumb Code     0  f2d.o(x$fpl$f2d)
    _f2d                                     0x0800a449   Thumb Code    86  f2d.o(x$fpl$f2d)
    __fpl_fnaninf                            0x0800a49f   Thumb Code   140  fnaninf.o(x$fpl$fnaninf)
    _fp_init                                 0x0800a52b   Thumb Code    10  fpinit.o(x$fpl$fpinit)
    __fplib_config_fpu_vfp                   0x0800a533   Thumb Code     0  fpinit.o(x$fpl$fpinit)
    __fplib_config_pureend_doubles           0x0800a533   Thumb Code     0  fpinit.o(x$fpl$fpinit)
    __fpl_fretinf                            0x0800a535   Thumb Code    10  fretinf.o(x$fpl$fretinf)
    _printf_fp_dec                           0x0800a53f   Thumb Code     4  printf1.o(x$fpl$printf1)
    __I$use$fp                               0x0800a542   Number         0  usenofp.o(x$fpl$usenofp)
    asc2_1206                                0x0800a542   Data        1140  lcd.o(.constdata)
    asc2_1608                                0x0800a9b6   Data        1520  lcd.o(.constdata)
    asc2_2412                                0x0800afa6   Data        3420  lcd.o(.constdata)
    asc2_3216                                0x0800bd02   Data       12160  lcd.o(.constdata)
    GPIO_PIN                                 0x0800ec82   Data           6  led.o(.constdata)
    APBAHBPrescTable                         0x0800ec88   Data          16  stm32f4xx_hal_rcc.o(.constdata)
    Region$$Table$$Base                      0x0800ed34   Number         0  anon$$obj.o(Region$$Table)
    Region$$Table$$Limit                     0x0800ed54   Number         0  anon$$obj.o(Region$$Table)
    key                                      0x20000000   Data           1  main.o(.data)
    voice_flag                               0x20000004   Data           4  main.o(.data)
    flag                                     0x20000008   Data           1  main.o(.data)
    Xbegin                                   0x2000000c   Data           4  main.o(.data)
    Ybegin                                   0x20000010   Data           4  main.o(.data)
    Auf0                                     0x20000014   Data           4  main.o(.data)
    cnt_r                                    0x20000018   Data           1  main.o(.data)
    Auf                                      0x2000001c   Data           4  main.o(.data)
    flag_mymy                                0x20000020   Data           4  main.o(.data)
    SystemCoreClock                          0x20000024   Data           4  system_stm32f4xx.o(.data)
    AHBPrescTable                            0x20000028   Data          16  system_stm32f4xx.o(.data)
    ADC_DMA_ConvertedValue                   0x20000038   Data           2  adc.o(.data)
    POINT_COLOR                              0x2000003c   Data           4  lcd.o(.data)
    BACK_COLOR                               0x20000040   Data           4  lcd.o(.data)
    ltdc_framebuf                            0x20000044   Data           8  ltdc.o(.data)
    GPIO_PORT                                0x2000004c   Data          12  led.o(.data)
    USART_RX_STA                             0x20000058   Data           2  usart.o(.data)
    aRxBuffer                                0x2000005a   Data           1  usart.o(.data)
    __stdout                                 0x2000005c   Data           4  usart.o(.data)
    BUTTON_PORT                              0x20000060   Data          16  key.o(.data)
    buf                                      0x20000078   Data          40  main.o(.bss)
    ADC_Handler                              0x200000a0   Data          68  adc.o(.bss)
    ADC_Handler1                             0x200000e4   Data          68  adc.o(.bss)
    SRAM_Handler                             0x20000128   Data          80  lcd.o(.bss)
    lcddev                                   0x20000178   Data          16  lcd.o(.bss)
    LTDC_Handler                             0x20000188   Data         168  ltdc.o(.bss)
    DMA2D_Handler                            0x20000230   Data          64  ltdc.o(.bss)
    lcdltdc                                  0x20000270   Data          32  ltdc.o(.bss)
    SDRAM_Handler                            0x20000290   Data          52  sdram.o(.bss)
    TIM3_Handler                             0x200002c4   Data          60  timer.o(.bss)
    USART_RX_BUF                             0x20000300   Data         200  usart.o(.bss)
    UART_Handler                             0x200003c8   Data          64  usart.o(.bss)
    ADCDMA_Handler                           0x20000408   Data          88  dma.o(.bss)
    __libspace_start                         0x20000460   Data          96  libspace.o(.bss)
    __temporary_stack_top$libspace           0x200004c0   Data           0  libspace.o(.bss)
    ltdc_lcd_framebuf                        0xc0000000   Data       1228800  ltdc.o(.ARM.__AT_0xC0000000)



==============================================================================

Memory Map of the image

  Image Entry point : 0x080001ad

  Load Region LR_IROM1 (Base: 0x08000000, Size: 0x0000ede8, Max: 0x00100000, ABSOLUTE)

    Execution Region ER_IROM1 (Exec base: 0x08000000, Load base: 0x08000000, Size: 0x0000ed70, Max: 0x00100000, ABSOLUTE)

    Exec Addr    Load Addr    Size         Type   Attr      Idx    E Section Name        Object

    0x08000000   0x08000000   0x000001ac   Data   RO         4557    RESET               startup_stm32f429xx.o
    0x080001ac   0x080001ac   0x00000008   Code   RO         4605  * !!!main             c_w.l(__main.o)
    0x080001b4   0x080001b4   0x00000034   Code   RO         4880    !!!scatter          c_w.l(__scatter.o)
    0x080001e8   0x080001e8   0x0000001a   Code   RO         4882    !!handler_copy      c_w.l(__scatter_copy.o)
    0x08000202   0x08000202   0x00000002   PAD
    0x08000204   0x08000204   0x0000001c   Code   RO         4884    !!handler_zi        c_w.l(__scatter_zi.o)
    0x08000220   0x08000220   0x00000000   Code   RO         4600    .ARM.Collect$$_printf_percent$$00000000  c_w.l(_printf_percent.o)
    0x08000220   0x08000220   0x00000006   Code   RO         4599    .ARM.Collect$$_printf_percent$$00000003  c_w.l(_printf_f.o)
    0x08000226   0x08000226   0x00000006   Code   RO         4598    .ARM.Collect$$_printf_percent$$00000009  c_w.l(_printf_d.o)
    0x0800022c   0x0800022c   0x00000004   Code   RO         4662    .ARM.Collect$$_printf_percent$$00000017  c_w.l(_printf_percent_end.o)
    0x08000230   0x08000230   0x00000002   Code   RO         4757    .ARM.Collect$$libinit$$00000000  c_w.l(libinit.o)
    0x08000232   0x08000232   0x00000004   Code   RO         4758    .ARM.Collect$$libinit$$00000001  c_w.l(libinit2.o)
    0x08000236   0x08000236   0x00000000   Code   RO         4761    .ARM.Collect$$libinit$$00000004  c_w.l(libinit2.o)
    0x08000236   0x08000236   0x00000000   Code   RO         4764    .ARM.Collect$$libinit$$0000000A  c_w.l(libinit2.o)
    0x08000236   0x08000236   0x00000000   Code   RO         4766    .ARM.Collect$$libinit$$0000000C  c_w.l(libinit2.o)
    0x08000236   0x08000236   0x00000000   Code   RO         4768    .ARM.Collect$$libinit$$0000000E  c_w.l(libinit2.o)
    0x08000236   0x08000236   0x00000006   Code   RO         4769    .ARM.Collect$$libinit$$0000000F  c_w.l(libinit2.o)
    0x0800023c   0x0800023c   0x00000000   Code   RO         4771    .ARM.Collect$$libinit$$00000011  c_w.l(libinit2.o)
    0x0800023c   0x0800023c   0x00000000   Code   RO         4773    .ARM.Collect$$libinit$$00000013  c_w.l(libinit2.o)
    0x0800023c   0x0800023c   0x00000000   Code   RO         4775    .ARM.Collect$$libinit$$00000015  c_w.l(libinit2.o)
    0x0800023c   0x0800023c   0x0000000a   Code   RO         4776    .ARM.Collect$$libinit$$00000016  c_w.l(libinit2.o)
    0x08000246   0x08000246   0x00000000   Code   RO         4777    .ARM.Collect$$libinit$$00000017  c_w.l(libinit2.o)
    0x08000246   0x08000246   0x00000000   Code   RO         4779    .ARM.Collect$$libinit$$00000019  c_w.l(libinit2.o)
    0x08000246   0x08000246   0x00000000   Code   RO         4781    .ARM.Collect$$libinit$$0000001B  c_w.l(libinit2.o)
    0x08000246   0x08000246   0x00000000   Code   RO         4783    .ARM.Collect$$libinit$$0000001D  c_w.l(libinit2.o)
    0x08000246   0x08000246   0x00000000   Code   RO         4785    .ARM.Collect$$libinit$$0000001F  c_w.l(libinit2.o)
    0x08000246   0x08000246   0x00000000   Code   RO         4787    .ARM.Collect$$libinit$$00000021  c_w.l(libinit2.o)
    0x08000246   0x08000246   0x00000000   Code   RO         4789    .ARM.Collect$$libinit$$00000023  c_w.l(libinit2.o)
    0x08000246   0x08000246   0x00000000   Code   RO         4791    .ARM.Collect$$libinit$$00000025  c_w.l(libinit2.o)
    0x08000246   0x08000246   0x00000000   Code   RO         4795    .ARM.Collect$$libinit$$0000002C  c_w.l(libinit2.o)
    0x08000246   0x08000246   0x00000000   Code   RO         4797    .ARM.Collect$$libinit$$0000002E  c_w.l(libinit2.o)
    0x08000246   0x08000246   0x00000000   Code   RO         4799    .ARM.Collect$$libinit$$00000030  c_w.l(libinit2.o)
    0x08000246   0x08000246   0x00000000   Code   RO         4801    .ARM.Collect$$libinit$$00000032  c_w.l(libinit2.o)
    0x08000246   0x08000246   0x00000002   Code   RO         4802    .ARM.Collect$$libinit$$00000033  c_w.l(libinit2.o)
    0x08000248   0x08000248   0x00000002   Code   RO         4830    .ARM.Collect$$libshutdown$$00000000  c_w.l(libshutdown.o)
    0x0800024a   0x0800024a   0x00000000   Code   RO         4839    .ARM.Collect$$libshutdown$$00000002  c_w.l(libshutdown2.o)
    0x0800024a   0x0800024a   0x00000000   Code   RO         4841    .ARM.Collect$$libshutdown$$00000004  c_w.l(libshutdown2.o)
    0x0800024a   0x0800024a   0x00000000   Code   RO         4844    .ARM.Collect$$libshutdown$$00000007  c_w.l(libshutdown2.o)
    0x0800024a   0x0800024a   0x00000000   Code   RO         4847    .ARM.Collect$$libshutdown$$0000000A  c_w.l(libshutdown2.o)
    0x0800024a   0x0800024a   0x00000000   Code   RO         4849    .ARM.Collect$$libshutdown$$0000000C  c_w.l(libshutdown2.o)
    0x0800024a   0x0800024a   0x00000000   Code   RO         4852    .ARM.Collect$$libshutdown$$0000000F  c_w.l(libshutdown2.o)
    0x0800024a   0x0800024a   0x00000002   Code   RO         4853    .ARM.Collect$$libshutdown$$00000010  c_w.l(libshutdown2.o)
    0x0800024c   0x0800024c   0x00000000   Code   RO         4649    .ARM.Collect$$rtentry$$00000000  c_w.l(__rtentry.o)
    0x0800024c   0x0800024c   0x00000000   Code   RO         4677    .ARM.Collect$$rtentry$$00000002  c_w.l(__rtentry2.o)
    0x0800024c   0x0800024c   0x00000006   Code   RO         4689    .ARM.Collect$$rtentry$$00000004  c_w.l(__rtentry4.o)
    0x08000252   0x08000252   0x00000000   Code   RO         4679    .ARM.Collect$$rtentry$$00000009  c_w.l(__rtentry2.o)
    0x08000252   0x08000252   0x00000004   Code   RO         4680    .ARM.Collect$$rtentry$$0000000A  c_w.l(__rtentry2.o)
    0x08000256   0x08000256   0x00000000   Code   RO         4682    .ARM.Collect$$rtentry$$0000000C  c_w.l(__rtentry2.o)
    0x08000256   0x08000256   0x00000008   Code   RO         4683    .ARM.Collect$$rtentry$$0000000D  c_w.l(__rtentry2.o)
    0x0800025e   0x0800025e   0x00000002   Code   RO         4803    .ARM.Collect$$rtexit$$00000000  c_w.l(rtexit.o)
    0x08000260   0x08000260   0x00000000   Code   RO         4810    .ARM.Collect$$rtexit$$00000002  c_w.l(rtexit2.o)
    0x08000260   0x08000260   0x00000004   Code   RO         4811    .ARM.Collect$$rtexit$$00000003  c_w.l(rtexit2.o)
    0x08000264   0x08000264   0x00000006   Code   RO         4812    .ARM.Collect$$rtexit$$00000004  c_w.l(rtexit2.o)
    0x0800026a   0x0800026a   0x00000002   PAD
    0x0800026c   0x0800026c   0x00000040   Code   RO         4558    .text               startup_stm32f429xx.o
    0x080002ac   0x080002ac   0x00000002   Code   RO         4564    .text               c_w.l(use_no_semi_2.o)
    0x080002ae   0x080002ae   0x00000002   PAD
    0x080002b0   0x080002b0   0x00000018   Code   RO         4570    .text               c_w.l(noretval__2printf.o)
    0x080002c8   0x080002c8   0x00000028   Code   RO         4572    .text               c_w.l(noretval__2sprintf.o)
    0x080002f0   0x080002f0   0x00000078   Code   RO         4576    .text               c_w.l(_printf_dec.o)
    0x08000368   0x08000368   0x0000010e   Code   RO         4586    .text               c_w.l(__printf_wp.o)
    0x08000476   0x08000476   0x00000064   Code   RO         4601    .text               c_w.l(rt_memcpy_w.o)
    0x080004da   0x080004da   0x00000006   Code   RO         4603    .text               c_w.l(heapauxi.o)
    0x080004e0   0x080004e0   0x00000002   Code   RO         4647    .text               c_w.l(use_no_semi.o)
    0x080004e2   0x080004e2   0x00000016   Code   RO         4650    .text               c_w.l(_rserrno.o)
    0x080004f8   0x080004f8   0x000000b2   Code   RO         4652    .text               c_w.l(_printf_intcommon.o)
    0x080005aa   0x080005aa   0x0000041e   Code   RO         4654    .text               c_w.l(_printf_fp_dec.o)
    0x080009c8   0x080009c8   0x00000030   Code   RO         4656    .text               c_w.l(_printf_char_common.o)
    0x080009f8   0x080009f8   0x0000000a   Code   RO         4658    .text               c_w.l(_sputc.o)
    0x08000a02   0x08000a02   0x00000002   PAD
    0x08000a04   0x08000a04   0x00000024   Code   RO         4660    .text               c_w.l(_printf_char_file.o)
    0x08000a28   0x08000a28   0x00000008   Code   RO         4694    .text               c_w.l(rt_locale_intlibspace.o)
    0x08000a30   0x08000a30   0x00000008   Code   RO         4699    .text               c_w.l(rt_errno_addr_intlibspace.o)
    0x08000a38   0x08000a38   0x0000008a   Code   RO         4701    .text               c_w.l(lludiv10.o)
    0x08000ac2   0x08000ac2   0x00000002   PAD
    0x08000ac4   0x08000ac4   0x00000080   Code   RO         4703    .text               c_w.l(_printf_fp_infnan.o)
    0x08000b44   0x08000b44   0x000000e4   Code   RO         4707    .text               c_w.l(bigflt0.o)
    0x08000c28   0x08000c28   0x00000008   Code   RO         4732    .text               c_w.l(ferror.o)
    0x08000c30   0x08000c30   0x00000008   Code   RO         4743    .text               c_w.l(libspace.o)
    0x08000c38   0x08000c38   0x0000004a   Code   RO         4746    .text               c_w.l(sys_stackheap_outer.o)
    0x08000c82   0x08000c82   0x00000012   Code   RO         4748    .text               c_w.l(exit.o)
    0x08000c94   0x08000c94   0x00000080   Code   RO         4750    .text               c_w.l(strcmpv7m.o)
    0x08000d14   0x08000d14   0x0000003e   Code   RO         4710    CL$$btod_d2e        c_w.l(btod.o)
    0x08000d52   0x08000d52   0x00000046   Code   RO         4712    CL$$btod_d2e_denorm_low  c_w.l(btod.o)
    0x08000d98   0x08000d98   0x00000060   Code   RO         4711    CL$$btod_d2e_norm_op1  c_w.l(btod.o)
    0x08000df8   0x08000df8   0x00000338   Code   RO         4720    CL$$btod_div_common  c_w.l(btod.o)
    0x08001130   0x08001130   0x000000dc   Code   RO         4717    CL$$btod_e2e        c_w.l(btod.o)
    0x0800120c   0x0800120c   0x0000002a   Code   RO         4714    CL$$btod_ediv       c_w.l(btod.o)
    0x08001236   0x08001236   0x0000002a   Code   RO         4713    CL$$btod_emul       c_w.l(btod.o)
    0x08001260   0x08001260   0x00000244   Code   RO         4719    CL$$btod_mult_common  c_w.l(btod.o)
    0x080014a4   0x080014a4   0x00000024   Code   RO         3812    i.ADC_DMAConvCplt   stm32f4xx_hal_adc.o
    0x080014c8   0x080014c8   0x0000001c   Code   RO         3813    i.ADC_DMAError      stm32f4xx_hal_adc.o
    0x080014e4   0x080014e4   0x0000000e   Code   RO         3814    i.ADC_DMAHalfConvCplt  stm32f4xx_hal_adc.o
    0x080014f2   0x080014f2   0x00000002   PAD
    0x080014f4   0x080014f4   0x00000178   Code   RO         3815    i.ADC_Init          stm32f4xx_hal_adc.o
    0x0800166c   0x0800166c   0x000000b4   Code   RO          947    i.BSP_LED_Init      led.o
    0x08001720   0x08001720   0x00000004   Code   RO          299    i.BusFault_Handler  stm32f4xx_it.o
    0x08001724   0x08001724   0x00000034   Code   RO         2018    i.DMA_CalcBaseAndBitshift  stm32f4xx_hal_dma.o
    0x08001758   0x08001758   0x0000002c   Code   RO         2019    i.DMA_SetConfig     stm32f4xx_hal_dma.o
    0x08001784   0x08001784   0x00000002   Code   RO          300    i.DebugMon_Handler  stm32f4xx_it.o
    0x08001786   0x08001786   0x00000002   PAD
    0x08001788   0x08001788   0x00000048   Code   RO         3497    i.FMC_NORSRAM_Extended_Timing_Init  stm32f4xx_ll_fmc.o
    0x080017d0   0x080017d0   0x00000080   Code   RO         3498    i.FMC_NORSRAM_Init  stm32f4xx_ll_fmc.o
    0x08001850   0x08001850   0x0000005e   Code   RO         3499    i.FMC_NORSRAM_Timing_Init  stm32f4xx_ll_fmc.o
    0x080018ae   0x080018ae   0x00000074   Code   RO         3509    i.FMC_SDRAM_Init    stm32f4xx_ll_fmc.o
    0x08001922   0x08001922   0x0000000e   Code   RO         3510    i.FMC_SDRAM_ProgramRefreshRate  stm32f4xx_ll_fmc.o
    0x08001930   0x08001930   0x00000052   Code   RO         3511    i.FMC_SDRAM_SendCommand  stm32f4xx_ll_fmc.o
    0x08001982   0x08001982   0x00000098   Code   RO         3513    i.FMC_SDRAM_Timing_Init  stm32f4xx_ll_fmc.o
    0x08001a1a   0x08001a1a   0x00000002   PAD
    0x08001a1c   0x08001a1c   0x00000038   Code   RO          437    i.Get_Adc           adc.o
    0x08001a54   0x08001a54   0x00000038   Code   RO          438    i.Get_Adc1          adc.o
    0x08001a8c   0x08001a8c   0x00000028   Code   RO          440    i.Get_Adc_Average1  adc.o
    0x08001ab4   0x08001ab4   0x00000028   Code   RO          441    i.Get_Adc_Average2  adc.o
    0x08001adc   0x08001adc   0x00000050   Code   RO         3816    i.HAL_ADC2_Init     stm32f4xx_hal_adc.o
    0x08001b2c   0x08001b2c   0x0000019c   Code   RO         3818    i.HAL_ADC_ConfigChannel  stm32f4xx_hal_adc.o
    0x08001cc8   0x08001cc8   0x00000002   Code   RO         3819    i.HAL_ADC_ConvCpltCallback  stm32f4xx_hal_adc.o
    0x08001cca   0x08001cca   0x00000002   Code   RO         3820    i.HAL_ADC_ConvHalfCpltCallback  stm32f4xx_hal_adc.o
    0x08001ccc   0x08001ccc   0x00000002   Code   RO         3822    i.HAL_ADC_ErrorCallback  stm32f4xx_hal_adc.o
    0x08001cce   0x08001cce   0x00000008   Code   RO         3825    i.HAL_ADC_GetValue  stm32f4xx_hal_adc.o
    0x08001cd6   0x08001cd6   0x00000002   PAD
    0x08001cd8   0x08001cd8   0x00000050   Code   RO         3827    i.HAL_ADC_Init      stm32f4xx_hal_adc.o
    0x08001d28   0x08001d28   0x0000006c   Code   RO          442    i.HAL_ADC_MspInit   adc.o
    0x08001d94   0x08001d94   0x0000006c   Code   RO          443    i.HAL_ADC_MspInit0  adc.o
    0x08001e00   0x08001e00   0x00000082   Code   RO         3831    i.HAL_ADC_PollForConversion  stm32f4xx_hal_adc.o
    0x08001e82   0x08001e82   0x00000002   PAD
    0x08001e84   0x08001e84   0x000000c8   Code   RO         3833    i.HAL_ADC_Start     stm32f4xx_hal_adc.o
    0x08001f4c   0x08001f4c   0x000000d0   Code   RO         3834    i.HAL_ADC_Start_DMA  stm32f4xx_hal_adc.o
    0x0800201c   0x0800201c   0x00000064   Code   RO         2021    i.HAL_DMA_DeInit    stm32f4xx_hal_dma.o
    0x08002080   0x08002080   0x00000084   Code   RO         2025    i.HAL_DMA_Init      stm32f4xx_hal_dma.o
    0x08002104   0x08002104   0x00000052   Code   RO         2027    i.HAL_DMA_Start     stm32f4xx_hal_dma.o
    0x08002156   0x08002156   0x0000006a   Code   RO         2028    i.HAL_DMA_Start_IT  stm32f4xx_hal_dma.o
    0x080021c0   0x080021c0   0x0000021c   Code   RO         1622    i.HAL_GPIO_Init     stm32f4xx_hal_gpio.o
    0x080023dc   0x080023dc   0x00000010   Code   RO         1624    i.HAL_GPIO_ReadPin  stm32f4xx_hal_gpio.o
    0x080023ec   0x080023ec   0x0000000c   Code   RO         1626    i.HAL_GPIO_WritePin  stm32f4xx_hal_gpio.o
    0x080023f8   0x080023f8   0x0000000c   Code   RO         1348    i.HAL_GetTick       stm32f4xx_hal.o
    0x08002404   0x08002404   0x00000010   Code   RO         1349    i.HAL_IncTick       stm32f4xx_hal.o
    0x08002414   0x08002414   0x0000003c   Code   RO         1350    i.HAL_Init          stm32f4xx_hal.o
    0x08002450   0x08002450   0x00000024   Code   RO         1351    i.HAL_InitTick      stm32f4xx_hal.o
    0x08002474   0x08002474   0x0000005e   Code   RO         2144    i.HAL_LTDC_ConfigLayer  stm32f4xx_hal_ltdc.o
    0x080024d2   0x080024d2   0x00000002   PAD
    0x080024d4   0x080024d4   0x00000128   Code   RO         2156    i.HAL_LTDC_Init     stm32f4xx_hal_ltdc.o
    0x080025fc   0x080025fc   0x00000184   Code   RO          808    i.HAL_LTDC_MspInit  ltdc.o
    0x08002780   0x08002780   0x0000006c   Code   RO         2165    i.HAL_LTDC_SetWindowPosition  stm32f4xx_hal_ltdc.o
    0x080027ec   0x080027ec   0x00000074   Code   RO         2166    i.HAL_LTDC_SetWindowSize  stm32f4xx_hal_ltdc.o
    0x08002860   0x08002860   0x0000000a   Code   RO         1353    i.HAL_MspInit       stm32f4xx_hal.o
    0x0800286a   0x0800286a   0x0000001a   Code   RO         1494    i.HAL_NVIC_EnableIRQ  stm32f4xx_hal_cortex.o
    0x08002884   0x08002884   0x0000007c   Code   RO         1500    i.HAL_NVIC_SetPriority  stm32f4xx_hal_cortex.o
    0x08002900   0x08002900   0x00000028   Code   RO         1501    i.HAL_NVIC_SetPriorityGrouping  stm32f4xx_hal_cortex.o
    0x08002928   0x08002928   0x000000a4   Code   RO         1811    i.HAL_PWREx_EnableOverDrive  stm32f4xx_hal_pwr_ex.o
    0x080029cc   0x080029cc   0x00000368   Code   RO         1983    i.HAL_RCCEx_PeriphCLKConfig  stm32f4xx_hal_rcc_ex.o
    0x08002d34   0x08002d34   0x000002b0   Code   RO         1878    i.HAL_RCC_ClockConfig  stm32f4xx_hal_rcc.o
    0x08002fe4   0x08002fe4   0x00000038   Code   RO         1883    i.HAL_RCC_GetHCLKFreq  stm32f4xx_hal_rcc.o
    0x0800301c   0x0800301c   0x0000002c   Code   RO         1885    i.HAL_RCC_GetPCLK1Freq  stm32f4xx_hal_rcc.o
    0x08003048   0x08003048   0x0000002c   Code   RO         1886    i.HAL_RCC_GetPCLK2Freq  stm32f4xx_hal_rcc.o
    0x08003074   0x08003074   0x000000b4   Code   RO         1887    i.HAL_RCC_GetSysClockFreq  stm32f4xx_hal_rcc.o
    0x08003128   0x08003128   0x00000408   Code   RO         1890    i.HAL_RCC_OscConfig  stm32f4xx_hal_rcc.o
    0x08003530   0x08003530   0x00000040   Code   RO         2339    i.HAL_SDRAM_Init    stm32f4xx_hal_sdram.o
    0x08003570   0x08003570   0x00000134   Code   RO          983    i.HAL_SDRAM_MspInit  sdram.o
    0x080036a4   0x080036a4   0x00000028   Code   RO         2342    i.HAL_SDRAM_ProgramRefreshRate  stm32f4xx_hal_sdram.o
    0x080036cc   0x080036cc   0x0000003a   Code   RO         2348    i.HAL_SDRAM_SendCommand  stm32f4xx_hal_sdram.o
    0x08003706   0x08003706   0x00000058   Code   RO         2493    i.HAL_SRAM_Init     stm32f4xx_hal_sram.o
    0x0800375e   0x0800375e   0x00000002   PAD
    0x08003760   0x08003760   0x00000138   Code   RO          572    i.HAL_SRAM_MspInit  lcd.o
    0x08003898   0x08003898   0x00000034   Code   RO         1505    i.HAL_SYSTICK_Config  stm32f4xx_hal_cortex.o
    0x080038cc   0x080038cc   0x00000002   Code   RO         3250    i.HAL_TIMEx_BreakCallback  stm32f4xx_hal_tim_ex.o
    0x080038ce   0x080038ce   0x00000002   Code   RO         3251    i.HAL_TIMEx_CommutationCallback  stm32f4xx_hal_tim_ex.o
    0x080038d0   0x080038d0   0x00000002   Code   RO         2640    i.HAL_TIM_IC_CaptureCallback  stm32f4xx_hal_tim.o
    0x080038d2   0x080038d2   0x00000196   Code   RO         2653    i.HAL_TIM_IRQHandler  stm32f4xx_hal_tim.o
    0x08003a68   0x08003a68   0x00000002   Code   RO         2656    i.HAL_TIM_OC_DelayElapsedCallback  stm32f4xx_hal_tim.o
    0x08003a6a   0x08003a6a   0x00000002   Code   RO         2683    i.HAL_TIM_PWM_PulseFinishedCallback  stm32f4xx_hal_tim.o
    0x08003a6c   0x08003a6c   0x00000050   Code   RO         1042    i.HAL_TIM_PeriodElapsedCallback  timer.o
    0x08003abc   0x08003abc   0x00000002   Code   RO         2694    i.HAL_TIM_TriggerCallback  stm32f4xx_hal_tim.o
    0x08003abe   0x08003abe   0x00000002   Code   RO         4105    i.HAL_UART_ErrorCallback  stm32f4xx_hal_uart.o
    0x08003ac0   0x08003ac0   0x00000008   Code   RO         4107    i.HAL_UART_GetState  stm32f4xx_hal_uart.o
    0x08003ac8   0x08003ac8   0x00000130   Code   RO         4108    i.HAL_UART_IRQHandler  stm32f4xx_hal_uart.o
    0x08003bf8   0x08003bf8   0x0000006e   Code   RO         4109    i.HAL_UART_Init     stm32f4xx_hal_uart.o
    0x08003c66   0x08003c66   0x00000002   PAD
    0x08003c68   0x08003c68   0x000000bc   Code   RO         1090    i.HAL_UART_MspInit  usart.o
    0x08003d24   0x08003d24   0x00000086   Code   RO         4114    i.HAL_UART_Receive_IT  stm32f4xx_hal_uart.o
    0x08003daa   0x08003daa   0x00000002   PAD
    0x08003dac   0x08003dac   0x00000088   Code   RO         1091    i.HAL_UART_RxCpltCallback  usart.o
    0x08003e34   0x08003e34   0x00000002   Code   RO         4120    i.HAL_UART_TxCpltCallback  stm32f4xx_hal_uart.o
    0x08003e36   0x08003e36   0x00000004   Code   RO          301    i.HardFault_Handler  stm32f4xx_it.o
    0x08003e3a   0x08003e3a   0x00000002   PAD
    0x08003e3c   0x08003e3c   0x000000c8   Code   RO         1160    i.KEY_Scan          key.o
    0x08003f04   0x08003f04   0x0000002c   Code   RO          574    i.LCD_Clear         lcd.o
    0x08003f30   0x08003f30   0x00000234   Code   RO          578    i.LCD_Display_Dir   lcd.o
    0x08004164   0x08004164   0x000000b0   Code   RO          579    i.LCD_DrawLine      lcd.o
    0x08004214   0x08004214   0x0000005c   Code   RO          580    i.LCD_DrawPoint     lcd.o
    0x08004270   0x08004270   0x000000d4   Code   RO          583    i.LCD_Fast_DrawPoint  lcd.o
    0x08004344   0x08004344   0x000000c8   Code   RO          584    i.LCD_Fill          lcd.o
    0x0800440c   0x0800440c   0x000000a8   Code   RO          809    i.LCD_GPIO_Config   ltdc.o
    0x080044b4   0x080044b4   0x000014e0   Code   RO          585    i.LCD_Init          lcd.o
    0x08005994   0x08005994   0x00000014   Code   RO          587    i.LCD_RD_DATA       lcd.o
    0x080059a8   0x080059a8   0x00000016   Code   RO          589    i.LCD_ReadReg       lcd.o
    0x080059be   0x080059be   0x00000002   PAD
    0x080059c0   0x080059c0   0x000000b0   Code   RO          590    i.LCD_SetCursor     lcd.o
    0x08005a70   0x08005a70   0x00000248   Code   RO          591    i.LCD_Set_Window    lcd.o
    0x08005cb8   0x08005cb8   0x0000013c   Code   RO          592    i.LCD_ShowChar      lcd.o
    0x08005df4   0x08005df4   0x00000080   Code   RO          594    i.LCD_ShowString    lcd.o
    0x08005e74   0x08005e74   0x00000018   Code   RO          596    i.LCD_WR_DATA       lcd.o
    0x08005e8c   0x08005e8c   0x00000018   Code   RO          597    i.LCD_WR_REG        lcd.o
    0x08005ea4   0x08005ea4   0x0000004c   Code   RO          810    i.LCD_WriteByteSPI  ltdc.o
    0x08005ef0   0x08005ef0   0x0000000c   Code   RO          598    i.LCD_WriteRAM      lcd.o
    0x08005efc   0x08005efc   0x00000014   Code   RO          599    i.LCD_WriteRAM_Prepare  lcd.o
    0x08005f10   0x08005f10   0x00000010   Code   RO          600    i.LCD_WriteReg      lcd.o
    0x08005f20   0x08005f20   0x00000016   Code   RO          948    i.LED_Init          led.o
    0x08005f36   0x08005f36   0x00000002   PAD
    0x08005f38   0x08005f38   0x00000024   Code   RO          811    i.LTDC_Clear        ltdc.o
    0x08005f5c   0x08005f5c   0x00000026   Code   RO          812    i.LTDC_Clk_Set      ltdc.o
    0x08005f82   0x08005f82   0x00000002   PAD
    0x08005f84   0x08005f84   0x0000005c   Code   RO          814    i.LTDC_Display_Dir  ltdc.o
    0x08005fe0   0x08005fe0   0x0000019c   Code   RO          815    i.LTDC_Draw_Point   ltdc.o
    0x0800617c   0x0800617c   0x0000035c   Code   RO          816    i.LTDC_Fill         ltdc.o
    0x080064d8   0x080064d8   0x000002c8   Code   RO          817    i.LTDC_Init         ltdc.o
    0x080067a0   0x080067a0   0x0000007c   Code   RO          818    i.LTDC_Layer_Parameter_Config  ltdc.o
    0x0800681c   0x0800681c   0x00000030   Code   RO          820    i.LTDC_Layer_Window_Config  ltdc.o
    0x0800684c   0x0800684c   0x0000000c   Code   RO          822    i.LTDC_Select_Layer  ltdc.o
    0x08006858   0x08006858   0x00000212   Code   RO         2167    i.LTDC_SetConfig    stm32f4xx_hal_ltdc.o
    0x08006a6a   0x08006a6a   0x00001448   Code   RO          824    i.Lcd_Initialize    ltdc.o
    0x08007eb2   0x08007eb2   0x00000024   Code   RO         1198    i.MYDMA_ADC_Transmit  dma.o
    0x08007ed6   0x08007ed6   0x00000002   PAD
    0x08007ed8   0x08007ed8   0x000000a8   Code   RO         1199    i.MYDMA_Config      dma.o
    0x08007f80   0x08007f80   0x00000044   Code   RO          444    i.MY_ADC2_Init      adc.o
    0x08007fc4   0x08007fc4   0x00000060   Code   RO          445    i.MY_ADC_Init       adc.o
    0x08008024   0x08008024   0x00000004   Code   RO          302    i.MemManage_Handler  stm32f4xx_it.o
    0x08008028   0x08008028   0x00000002   Code   RO          303    i.NMI_Handler       stm32f4xx_it.o
    0x0800802a   0x0800802a   0x00000002   PAD
    0x0800802c   0x0800802c   0x00000010   Code   RO         1507    i.NVIC_GetPriorityGrouping  stm32f4xx_hal_cortex.o
    0x0800803c   0x0800803c   0x00000028   Code   RO         1508    i.NVIC_SetPriority  stm32f4xx_hal_cortex.o
    0x08008064   0x08008064   0x00000002   Code   RO          304    i.PendSV_Handler    stm32f4xx_it.o
    0x08008066   0x08008066   0x00000002   PAD
    0x08008068   0x08008068   0x00000074   Code   RO          984    i.SDRAM_Init        sdram.o
    0x080080dc   0x080080dc   0x00000044   Code   RO          985    i.SDRAM_Initialization_Sequence  sdram.o
    0x08008120   0x08008120   0x00000048   Code   RO          986    i.SDRAM_Send_Cmd    sdram.o
    0x08008168   0x08008168   0x00000084   Code   RO         1279    i.SPI_Communication_Init  spi_communication.o
    0x080081ec   0x080081ec   0x0000001c   Code   RO         1280    i.SPI_Communication_Rece_Cmd_Data  spi_communication.o
    0x08008208   0x08008208   0x0000004c   Code   RO         1281    i.SPI_Communication_Rece_Data  spi_communication.o
    0x08008254   0x08008254   0x00000060   Code   RO         1282    i.SPI_Communication_Send_Cmd  spi_communication.o
    0x080082b4   0x080082b4   0x00000020   Code   RO         1283    i.SPI_Communication_Send_Cmd_Data  spi_communication.o
    0x080082d4   0x080082d4   0x00000060   Code   RO         1284    i.SPI_Communication_Send_Data  spi_communication.o
    0x08008334   0x08008334   0x00000074   Code   RO          825    i.SPI_WriteComm     ltdc.o
    0x080083a8   0x080083a8   0x00000040   Code   RO          826    i.SPI_WriteData     ltdc.o
    0x080083e8   0x080083e8   0x00000002   Code   RO          305    i.SVC_Handler       stm32f4xx_it.o
    0x080083ea   0x080083ea   0x00000008   Code   RO          306    i.SysTick_Handler   stm32f4xx_it.o
    0x080083f2   0x080083f2   0x00000002   PAD
    0x080083f4   0x080083f4   0x000000b8   Code   RO          413    i.SystemClock_Config  stm32f429_winner.o
    0x080084ac   0x080084ac   0x00000064   Code   RO          378    i.SystemInit        system_stm32f4xx.o
    0x08008510   0x08008510   0x00000010   Code   RO         1043    i.TIM3_IRQHandler   timer.o
    0x08008520   0x08008520   0x00000030   Code   RO         4127    i.UART_EndTransmit_IT  stm32f4xx_hal_uart.o
    0x08008550   0x08008550   0x000000bc   Code   RO         4128    i.UART_Receive_IT   stm32f4xx_hal_uart.o
    0x0800860c   0x0800860c   0x00000224   Code   RO         4129    i.UART_SetConfig    stm32f4xx_hal_uart.o
    0x08008830   0x08008830   0x00000070   Code   RO         4130    i.UART_Transmit_IT  stm32f4xx_hal_uart.o
    0x080088a0   0x080088a0   0x00000050   Code   RO         1092    i.USART1_IRQHandler  usart.o
    0x080088f0   0x080088f0   0x00000004   Code   RO          307    i.UsageFault_Handler  stm32f4xx_it.o
    0x080088f4   0x080088f4   0x00000030   Code   RO         4741    i.__ARM_fpclassify  m_wm.l(fpclassify.o)
    0x08008924   0x08008924   0x0000007a   Code   RO         4635    i.__hardfp_sqrt     m_wm.l(sqrt.o)
    0x0800899e   0x0800899e   0x0000000e   Code   RO         4588    i._is_digit         c_w.l(__printf_wp.o)
    0x080089ac   0x080089ac   0x00000004   Code   RO         1093    i._sys_exit         usart.o
    0x080089b0   0x080089b0   0x00000018   Code   RO          520    i.delay_ms          delay.o
    0x080089c8   0x080089c8   0x00000018   Code   RO          521    i.delay_us          delay.o
    0x080089e0   0x080089e0   0x0000001c   Code   RO         1094    i.fputc             usart.o
    0x080089fc   0x080089fc   0x00000ecc   Code   RO            4    i.main              main.o
    0x080098c8   0x080098c8   0x00000038   Code   RO         1095    i.uart_init         usart.o
    0x08009900   0x08009900   0x0000002c   Code   RO         4737    locale$$code        c_w.l(lc_numeric_c.o)
    0x0800992c   0x0800992c   0x00000062   Code   RO         4607    x$fpl$d2f           fz_wm.l(d2f.o)
    0x0800998e   0x0800998e   0x00000002   PAD
    0x08009990   0x08009990   0x00000150   Code   RO         4609    x$fpl$dadd          fz_wm.l(daddsub_clz.o)
    0x08009ae0   0x08009ae0   0x00000018   Code   RO         4663    x$fpl$dcmpinf       fz_wm.l(dcmpi.o)
    0x08009af8   0x08009af8   0x000002b0   Code   RO         4616    x$fpl$ddiv          fz_wm.l(ddiv.o)
    0x08009da8   0x08009da8   0x0000002e   Code   RO         4620    x$fpl$dflt          fz_wm.l(dflt_clz.o)
    0x08009dd6   0x08009dd6   0x00000026   Code   RO         4619    x$fpl$dfltu         fz_wm.l(dflt_clz.o)
    0x08009dfc   0x08009dfc   0x00000078   Code   RO         4625    x$fpl$dleqf         fz_wm.l(dleqf.o)
    0x08009e74   0x08009e74   0x00000154   Code   RO         4627    x$fpl$dmul          fz_wm.l(dmul.o)
    0x08009fc8   0x08009fc8   0x0000009c   Code   RO         4665    x$fpl$dnaninf       fz_wm.l(dnaninf.o)
    0x0800a064   0x0800a064   0x0000000c   Code   RO         4667    x$fpl$dretinf       fz_wm.l(dretinf.o)
    0x0800a070   0x0800a070   0x0000006c   Code   RO         4629    x$fpl$drleqf        fz_wm.l(drleqf.o)
    0x0800a0dc   0x0800a0dc   0x00000198   Code   RO         4669    x$fpl$dsqrt         fz_wm.l(dsqrt_umaal.o)
    0x0800a274   0x0800a274   0x000001d4   Code   RO         4611    x$fpl$dsub          fz_wm.l(daddsub_clz.o)
    0x0800a448   0x0800a448   0x00000056   Code   RO         4631    x$fpl$f2d           fz_wm.l(f2d.o)
    0x0800a49e   0x0800a49e   0x0000008c   Code   RO         4671    x$fpl$fnaninf       fz_wm.l(fnaninf.o)
    0x0800a52a   0x0800a52a   0x0000000a   Code   RO         4807    x$fpl$fpinit        fz_wm.l(fpinit.o)
    0x0800a534   0x0800a534   0x0000000a   Code   RO         4673    x$fpl$fretinf       fz_wm.l(fretinf.o)
    0x0800a53e   0x0800a53e   0x00000004   Code   RO         4633    x$fpl$printf1       fz_wm.l(printf1.o)
    0x0800a542   0x0800a542   0x00000000   Code   RO         4675    x$fpl$usenofp       fz_wm.l(usenofp.o)
    0x0800a542   0x0800a542   0x00004740   Data   RO          607    .constdata          lcd.o
    0x0800ec82   0x0800ec82   0x00000006   Data   RO          949    .constdata          led.o
    0x0800ec88   0x0800ec88   0x00000010   Data   RO         1891    .constdata          stm32f4xx_hal_rcc.o
    0x0800ec98   0x0800ec98   0x00000008   Data   RO         2029    .constdata          stm32f4xx_hal_dma.o
    0x0800eca0   0x0800eca0   0x00000094   Data   RO         4708    .constdata          c_w.l(bigflt0.o)
    0x0800ed34   0x0800ed34   0x00000020   Data   RO         4878    Region$$Table       anon$$obj.o
    0x0800ed54   0x0800ed54   0x0000001c   Data   RO         4736    locale$$data        c_w.l(lc_numeric_c.o)


    Execution Region RW_IRAM1 (Exec base: 0x20000000, Load base: 0x0800ed70, Size: 0x000010c0, Max: 0x00030000, ABSOLUTE)

    Exec Addr    Load Addr    Size         Type   Attr      Idx    E Section Name        Object

    0x20000000   0x0800ed70   0x00000024   Data   RW            6    .data               main.o
    0x20000024   0x0800ed94   0x00000014   Data   RW          379    .data               system_stm32f4xx.o
    0x20000038   0x0800eda8   0x00000002   Data   RW          447    .data               adc.o
    0x2000003a   0x0800edaa   0x00000002   PAD
    0x2000003c   0x0800edac   0x00000008   Data   RW          608    .data               lcd.o
    0x20000044   0x0800edb4   0x00000008   Data   RW          829    .data               ltdc.o
    0x2000004c   0x0800edbc   0x0000000c   Data   RW          950    .data               led.o
    0x20000058   0x0800edc8   0x00000008   Data   RW         1097    .data               usart.o
    0x20000060   0x0800edd0   0x00000011   Data   RW         1162    .data               key.o
    0x20000071   0x0800ede1   0x00000003   PAD
    0x20000074   0x0800ede4   0x00000004   Data   RW         1356    .data               stm32f4xx_hal.o
    0x20000078        -       0x00000028   Zero   RW            5    .bss                main.o
    0x200000a0        -       0x00000088   Zero   RW          446    .bss                adc.o
    0x20000128        -       0x00000060   Zero   RW          606    .bss                lcd.o
    0x20000188        -       0x00000108   Zero   RW          828    .bss                ltdc.o
    0x20000290        -       0x00000034   Zero   RW          987    .bss                sdram.o
    0x200002c4        -       0x0000003c   Zero   RW         1045    .bss                timer.o
    0x20000300        -       0x00000108   Zero   RW         1096    .bss                usart.o
    0x20000408        -       0x00000058   Zero   RW         1200    .bss                dma.o
    0x20000460        -       0x00000060   Zero   RW         4744    .bss                c_w.l(libspace.o)
    0x200004c0        -       0x00000200   Zero   RW         4556    HEAP                startup_stm32f429xx.o
    0x200006c0        -       0x00000a00   Zero   RW         4555    STACK               startup_stm32f429xx.o



  Load Region LR$$.ARM.__AT_0xC0000000 (Base: 0xc0000000, Size: 0x00000000, Max: 0x0012c000, ABSOLUTE)

    Execution Region ER$$.ARM.__AT_0xC0000000 (Exec base: 0xc0000000, Load base: 0xc0000000, Size: 0x0012c000, Max: 0x0012c000, ABSOLUTE, UNINIT)

    Exec Addr    Load Addr    Size         Type   Attr      Idx    E Section Name        Object

    0xc0000000        -       0x0012c000   Zero   RW          827    .ARM.__AT_0xC0000000  ltdc.o


==============================================================================

Image component sizes


      Code (inc. data)   RO Data    RW Data    ZI Data      Debug   Object Name

       572         54          0          2        136       6083   adc.o
        48          0          0          0          0       1162   delay.o
       204         18          0          0         88       2105   dma.o
       200         12          0         17          0       1436   key.o
      8286        204      18240          8         96      22917   lcd.o
       202         12          6         12          0       1911   led.o
      8338        152          0          8    1229064      17754   ltdc.o
      3788        628          0         36         40     450964   main.o
       564         40          0          0         52       3814   sdram.o
       460         26          0          0          0       4802   spi_communication.o
        64         26        428          0       3072        912   startup_stm32f429xx.o
       184          8          0          0          0       1457   stm32f429_winner.o
       134         16          0          4          0       4420   stm32f4xx_hal.o
      1578         88          0          0          0      10476   stm32f4xx_hal_adc.o
       298         22          0          0          0      31175   stm32f4xx_hal_cortex.o
       516         10          8          0          0       5315   stm32f4xx_hal_dma.o
       568         54          0          0          0       3243   stm32f4xx_hal_gpio.o
      1144          6          0          0          0       4893   stm32f4xx_hal_ltdc.o
       164         12          0          0          0       1348   stm32f4xx_hal_pwr_ex.o
      2044         66         16          0          0       6299   stm32f4xx_hal_rcc.o
       872         24          0          0          0       1632   stm32f4xx_hal_rcc_ex.o
       162          0          0          0          0       2876   stm32f4xx_hal_sdram.o
        88          0          0          0          0       1276   stm32f4xx_hal_sram.o
       414          0          0          0          0       3858   stm32f4xx_hal_tim.o
         4          0          0          0          0       1690   stm32f4xx_hal_tim_ex.o
      1456         10          0          0          0       8047   stm32f4xx_hal_uart.o
        32          0          0          0          0       4874   stm32f4xx_it.o
       658         12          0          0          0       6176   stm32f4xx_ll_fmc.o
       100         18          0         20          0       1329   system_stm32f4xx.o
        96         26          0          0         60       1900   timer.o
       492         62          0          8        264       5900   usart.o

    ----------------------------------------------------------------------
     33764       1606      18730        120    1232872     622044   Object Totals
         0          0         32          0          0          0   (incl. Generated)
        34          0          0          5          0          0   (incl. Padding)

    ----------------------------------------------------------------------

      Code (inc. data)   RO Data    RW Data    ZI Data      Debug   Library Member Name

         8          0          0          0          0         68   __main.o
       284          0          0          0          0        156   __printf_wp.o
         0          0          0          0          0          0   __rtentry.o
        12          0          0          0          0          0   __rtentry2.o
         6          0          0          0          0          0   __rtentry4.o
        52          8          0          0          0          0   __scatter.o
        26          0          0          0          0          0   __scatter_copy.o
        28          0          0          0          0          0   __scatter_zi.o
        48          6          0          0          0         96   _printf_char_common.o
        36          4          0          0          0         80   _printf_char_file.o
         6          0          0          0          0          0   _printf_d.o
       120         16          0          0          0         92   _printf_dec.o
         6          0          0          0          0          0   _printf_f.o
      1054          0          0          0          0        216   _printf_fp_dec.o
       128         16          0          0          0         84   _printf_fp_infnan.o
       178          0          0          0          0         88   _printf_intcommon.o
         0          0          0          0          0          0   _printf_percent.o
         4          0          0          0          0          0   _printf_percent_end.o
        22          0          0          0          0        100   _rserrno.o
        10          0          0          0          0         68   _sputc.o
       228          4        148          0          0         96   bigflt0.o
      1936        128          0          0          0        672   btod.o
        18          0          0          0          0         80   exit.o
         8          0          0          0          0         68   ferror.o
         6          0          0          0          0        152   heapauxi.o
        44         10         28          0          0         76   lc_numeric_c.o
         2          0          0          0          0          0   libinit.o
        22          0          0          0          0          0   libinit2.o
         2          0          0          0          0          0   libshutdown.o
         2          0          0          0          0          0   libshutdown2.o
         8          4          0          0         96         68   libspace.o
       138          0          0          0          0         80   lludiv10.o
        24          4          0          0          0         84   noretval__2printf.o
        40          6          0          0          0         84   noretval__2sprintf.o
         8          4          0          0          0         68   rt_errno_addr_intlibspace.o
         8          4          0          0          0         68   rt_locale_intlibspace.o
       100          0          0          0          0         80   rt_memcpy_w.o
         2          0          0          0          0          0   rtexit.o
        10          0          0          0          0          0   rtexit2.o
       128          0          0          0          0         68   strcmpv7m.o
        74          0          0          0          0         80   sys_stackheap_outer.o
         2          0          0          0          0         68   use_no_semi.o
         2          0          0          0          0         68   use_no_semi_2.o
        98          4          0          0          0        140   d2f.o
       804         16          0          0          0        368   daddsub_clz.o
        24          0          0          0          0        116   dcmpi.o
       688        140          0          0          0        256   ddiv.o
        84          0          0          0          0        232   dflt_clz.o
       120          4          0          0          0        140   dleqf.o
       340         12          0          0          0        152   dmul.o
       156          4          0          0          0        140   dnaninf.o
        12          0          0          0          0        116   dretinf.o
       108          0          0          0          0        128   drleqf.o
       408         56          0          0          0        168   dsqrt_umaal.o
        86          4          0          0          0        132   f2d.o
       140          4          0          0          0        132   fnaninf.o
        10          0          0          0          0        116   fpinit.o
        10          0          0          0          0        116   fretinf.o
         4          0          0          0          0        116   printf1.o
         0          0          0          0          0          0   usenofp.o
        48          0          0          0          0        124   fpclassify.o
       122          0          0          0          0        148   sqrt.o

    ----------------------------------------------------------------------
      8114        458        176          0         96       5848   Library Totals
        12          0          0          0          0          0   (incl. Padding)

    ----------------------------------------------------------------------

      Code (inc. data)   RO Data    RW Data    ZI Data      Debug   Library Name

      4840        214        176          0         96       3008   c_w.l
      3092        244          0          0          0       2568   fz_wm.l
       170          0          0          0          0        272   m_wm.l

    ----------------------------------------------------------------------
      8114        458        176          0         96       5848   Library Totals

    ----------------------------------------------------------------------

==============================================================================


      Code (inc. data)   RO Data    RW Data    ZI Data      Debug   

     41878       2064      18906        120    1232968     609728   Grand Totals
     41878       2064      18906        120    1232968     609728   ELF Image Totals
     41878       2064      18906        120          0          0   ROM Totals

==============================================================================

    Total RO  Size (Code + RO Data)                60784 (  59.36kB)
    Total RW  Size (RW Data + ZI Data)           1233088 (1204.19kB)
    Total ROM Size (Code + RO Data + RW Data)      60904 (  59.48kB)

==============================================================================

